#
# There is insufficient memory for the Java Runtime Environment to continue.
# Native memory allocation (malloc) failed to allocate 1641040 bytes. Error detail: Chunk::new
# Possible reasons:
#   The system is out of physical RAM or swap space
#   This process is running with CompressedOops enabled, and the Java Heap may be blocking the growth of the native heap
# Possible solutions:
#   Reduce memory load on the system
#   Increase physical memory or swap space
#   Check if swap backing store is full
#   Decrease Java heap size (-Xmx/-Xms)
#   Decrease number of Java threads
#   Decrease Java thread stack sizes (-Xss)
#   Set larger code cache with -XX:ReservedCodeCacheSize=
#   JVM is running with Unscaled Compressed Oops mode in which the Java heap is
#     placed in the first 4GB address space. The Java Heap base address is the
#     maximum limit for the native heap growth. Please use -XX:HeapBaseMinAddress
#     to set the Java Heap base and to place the Java Heap above 4GB virtual address.
# This output file may be truncated or incomplete.
#
#  Out of Memory Error (arena.cpp:168), pid=18272, tid=23508
#
# JRE version: OpenJDK Runtime Environment (21.0.8) (build 21.0.8+-14196175-b1038.72)
# Java VM: OpenJDK 64-Bit Server VM (21.0.8+-14196175-b1038.72, mixed mode, tiered, compressed oops, compressed class ptrs, g1 gc, windows-amd64)
# No core dump will be written. Minidumps are not enabled by default on client versions of Windows
#

---------------  S U M M A R Y ------------

Command Line: --add-opens=java.base/java.lang=ALL-UNNAMED --add-opens=java.base/java.lang.invoke=ALL-UNNAMED --add-opens=java.base/java.util=ALL-UNNAMED --add-opens=java.prefs/java.util.prefs=ALL-UNNAMED --add-exports=jdk.compiler/com.sun.tools.javac.api=ALL-UNNAMED --add-exports=jdk.compiler/com.sun.tools.javac.util=ALL-UNNAMED --add-opens=java.base/java.util=ALL-UNNAMED --add-opens=java.prefs/java.util.prefs=ALL-UNNAMED --add-opens=java.base/java.nio.charset=ALL-UNNAMED --add-opens=java.base/java.net=ALL-UNNAMED --add-opens=java.base/java.util.concurrent.atomic=ALL-UNNAMED --add-opens=java.xml/javax.xml.namespace=ALL-UNNAMED -Xmx2048m -Dfile.encoding=UTF-8 -Duser.country=KR -Duser.language=ko -Duser.variant -javaagent:C:\Users\COMPUTER\.gradle\wrapper\dists\gradle-8.13-bin\5xuhj0ry160q40clulazy9h7d\gradle-8.13\lib\agents\gradle-instrumentation-agent-8.13.jar org.gradle.launcher.daemon.bootstrap.GradleDaemon 8.13

Host: Intel(R) Core(TM) i7-14700, 28 cores, 15G,  Windows 11 , 64 bit Build 26100 (10.0.26100.4768)
Time: Fri Nov 14 13:36:30 2025 elapsed time: 3.327736 seconds (0d 0h 0m 3s)

---------------  T H R E A D  ---------------

Current thread (0x00000124f9c50570):  JavaThread "C2 CompilerThread0" daemon [_thread_in_native, id=23508, stack(0x0000001ad4100000,0x0000001ad4200000) (1024K)]


Current CompileTask:
C2:3327 6606   !   4       java.net.URLClassLoader::findClass (47 bytes)

Stack: [0x0000001ad4100000,0x0000001ad4200000]
Native frames: (J=compiled Java code, j=interpreted, Vv=VM code, C=native code)
V  [jvm.dll+0x6d68d9]
V  [jvm.dll+0x866693]
V  [jvm.dll+0x868c4e]
V  [jvm.dll+0x869333]
V  [jvm.dll+0x280566]
V  [jvm.dll+0xc07cd]
V  [jvm.dll+0xc0d03]
V  [jvm.dll+0x3b961b]
V  [jvm.dll+0x385507]
V  [jvm.dll+0x38497a]
V  [jvm.dll+0x249252]
V  [jvm.dll+0x248821]
V  [jvm.dll+0x1c73a4]
V  [jvm.dll+0x257f9e]
V  [jvm.dll+0x2564e6]
V  [jvm.dll+0x3f4696]
V  [jvm.dll+0x80eac8]
V  [jvm.dll+0x6d512d]
C  [ucrtbase.dll+0x37b0]
C  [KERNEL32.DLL+0x2e8d7]
C  [ntdll.dll+0x3c34c]


---------------  P R O C E S S  ---------------

Threads class SMR info:
_java_thread_list=0x00000124905c6150, length=62, elements={
0x00000124ed4d9950, 0x00000124f9c2ed70, 0x00000124f9bfbda0, 0x00000124f9bfe910,
0x00000124f9c01d10, 0x00000124f9c61350, 0x00000124f9bff4a0, 0x00000124f9c4d240,
0x00000124f9c50570, 0x00000124f9c929b0, 0x00000124f9772f40, 0x00000124f97735f0,
0x00000124f9de5190, 0x00000124f9c4df60, 0x00000124fe166cc0, 0x00000124fe167370,
0x00000124f9c4c520, 0x00000124f9c4be90, 0x00000124f9c4cbb0, 0x00000124f9c4ec80,
0x00000124f9c4d8d0, 0x00000124f9c4e5f0, 0x000001248f47eaa0, 0x000001248f47dd80,
0x000001248f47f130, 0x000001248f47d6f0, 0x000001248f47e410, 0x000001248f47bcb0,
0x000001248f47d060, 0x000001248fe478d0, 0x000001248f47fe50, 0x000001248f47f7c0,
0x000001248f47c9d0, 0x000001248f4825b0, 0x000001248f481890, 0x000001248f481f20,
0x00000124926d2470, 0x000001248f4804e0, 0x000001248f4832d0, 0x000001248f481200,
0x000001248f482c40, 0x0000012492865f60, 0x00000124928679a0, 0x0000012492868030,
0x0000012492865240, 0x00000124928665f0, 0x0000012492867310, 0x00000124928686c0,
0x0000012492866c80, 0x00000124905b0b30, 0x00000124905b11c0, 0x00000124905b1850,
0x00000124905b3fb0, 0x00000124905b1ee0, 0x00000124905b2570, 0x00000124905b3290,
0x00000124905b2c00, 0x00000124905b3920, 0x0000012492851f10, 0x00000124928504d0,
0x0000012492850b60, 0x00000124928511f0
}

Java Threads: ( => current thread )
  0x00000124ed4d9950 JavaThread "main"                              [_thread_blocked, id=14516, stack(0x0000001ad3200000,0x0000001ad3300000) (1024K)]
  0x00000124f9c2ed70 JavaThread "Common-Cleaner"             daemon [_thread_blocked, id=16164, stack(0x0000001ad3a00000,0x0000001ad3b00000) (1024K)]
  0x00000124f9bfbda0 JavaThread "Reference Handler"          daemon [_thread_blocked, id=12940, stack(0x0000001ad3b00000,0x0000001ad3c00000) (1024K)]
  0x00000124f9bfe910 JavaThread "Finalizer"                  daemon [_thread_blocked, id=11540, stack(0x0000001ad3c00000,0x0000001ad3d00000) (1024K)]
  0x00000124f9c01d10 JavaThread "Signal Dispatcher"          daemon [_thread_blocked, id=14868, stack(0x0000001ad3d00000,0x0000001ad3e00000) (1024K)]
  0x00000124f9c61350 JavaThread "Attach Listener"            daemon [_thread_blocked, id=24300, stack(0x0000001ad3e00000,0x0000001ad3f00000) (1024K)]
  0x00000124f9bff4a0 JavaThread "Service Thread"             daemon [_thread_blocked, id=1360, stack(0x0000001ad3f00000,0x0000001ad4000000) (1024K)]
  0x00000124f9c4d240 JavaThread "Monitor Deflation Thread"   daemon [_thread_blocked, id=22372, stack(0x0000001ad4000000,0x0000001ad4100000) (1024K)]
=>0x00000124f9c50570 JavaThread "C2 CompilerThread0"         daemon [_thread_in_native, id=23508, stack(0x0000001ad4100000,0x0000001ad4200000) (1024K)]
  0x00000124f9c929b0 JavaThread "C1 CompilerThread0"         daemon [_thread_blocked, id=9364, stack(0x0000001ad4200000,0x0000001ad4300000) (1024K)]
  0x00000124f9772f40 JavaThread "C1 CompilerThread1"         daemon [_thread_blocked, id=6796, stack(0x0000001ad4300000,0x0000001ad4400000) (1024K)]
  0x00000124f97735f0 JavaThread "C1 CompilerThread2"         daemon [_thread_blocked, id=18420, stack(0x0000001ad4400000,0x0000001ad4500000) (1024K)]
  0x00000124f9de5190 JavaThread "C1 CompilerThread3"         daemon [_thread_blocked, id=16232, stack(0x0000001ad4500000,0x0000001ad4600000) (1024K)]
  0x00000124f9c4df60 JavaThread "Notification Thread"        daemon [_thread_blocked, id=24480, stack(0x0000001ad4600000,0x0000001ad4700000) (1024K)]
  0x00000124fe166cc0 JavaThread "C2 CompilerThread1"         daemon [_thread_blocked, id=25352, stack(0x0000001ad4700000,0x0000001ad4800000) (1024K)]
  0x00000124fe167370 JavaThread "C2 CompilerThread2"         daemon [_thread_in_native, id=8136, stack(0x0000001ad4800000,0x0000001ad4900000) (1024K)]
  0x00000124f9c4c520 JavaThread "Daemon health stats"               [_thread_blocked, id=8588, stack(0x0000001ad4e00000,0x0000001ad4f00000) (1024K)]
  0x00000124f9c4be90 JavaThread "Incoming local TCP Connector on port 64347"        [_thread_in_native, id=19992, stack(0x0000001ad4f00000,0x0000001ad5000000) (1024K)]
  0x00000124f9c4cbb0 JavaThread "Daemon periodic checks"            [_thread_blocked, id=12768, stack(0x0000001ad5000000,0x0000001ad5100000) (1024K)]
  0x00000124f9c4ec80 JavaThread "Daemon"                            [_thread_blocked, id=19192, stack(0x0000001ad5800000,0x0000001ad5900000) (1024K)]
  0x00000124f9c4d8d0 JavaThread "Handler for socket connection from /127.0.0.1:64347 to /127.0.0.1:64348"        [_thread_in_native, id=12356, stack(0x0000001ad5900000,0x0000001ad5a00000) (1024K)]
  0x00000124f9c4e5f0 JavaThread "Cancel handler"                    [_thread_blocked, id=18356, stack(0x0000001ad5a00000,0x0000001ad5b00000) (1024K)]
  0x000001248f47eaa0 JavaThread "Daemon worker"                     [_thread_in_native, id=3968, stack(0x0000001ad5b00000,0x0000001ad5c00000) (1024K)]
  0x000001248f47dd80 JavaThread "Asynchronous log dispatcher for DefaultDaemonConnection: socket connection from /127.0.0.1:64347 to /127.0.0.1:64348"        [_thread_blocked, id=15992, stack(0x0000001ad5c00000,0x0000001ad5d00000) (1024K)]
  0x000001248f47f130 JavaThread "Stdin handler"                     [_thread_blocked, id=22732, stack(0x0000001ad5d00000,0x0000001ad5e00000) (1024K)]
  0x000001248f47d6f0 JavaThread "Daemon client event forwarder"        [_thread_blocked, id=24976, stack(0x0000001ad5e00000,0x0000001ad5f00000) (1024K)]
  0x000001248f47e410 JavaThread "Cache worker for journal cache (C:\Users\COMPUTER\.gradle\caches\journal-1)"        [_thread_blocked, id=14284, stack(0x0000001ad6a00000,0x0000001ad6b00000) (1024K)]
  0x000001248f47bcb0 JavaThread "File lock request listener"        [_thread_in_native, id=4196, stack(0x0000001ad6b00000,0x0000001ad6c00000) (1024K)]
  0x000001248f47d060 JavaThread "Cache worker for file hash cache (C:\Users\COMPUTER\.gradle\caches\8.13\fileHashes)"        [_thread_blocked, id=14504, stack(0x0000001ad6c00000,0x0000001ad6d00000) (1024K)]
  0x000001248fe478d0 JavaThread "C2 CompilerThread3"         daemon [_thread_in_native, id=3912, stack(0x0000001ad6d00000,0x0000001ad6e00000) (1024K)]
  0x000001248f47fe50 JavaThread "Cache worker for file hash cache (D:\project_1.4v\.gradle\8.13\fileHashes)"        [_thread_blocked, id=10868, stack(0x0000001ad6e00000,0x0000001ad6f00000) (1024K)]
  0x000001248f47f7c0 JavaThread "Cache worker for Build Output Cleanup Cache (D:\project_1.4v\.gradle\buildOutputCleanup)"        [_thread_blocked, id=12184, stack(0x0000001ad6f00000,0x0000001ad7000000) (1024K)]
  0x000001248f47c9d0 JavaThread "File watcher server"        daemon [_thread_in_native, id=17608, stack(0x0000001ad7000000,0x0000001ad7100000) (1024K)]
  0x000001248f4825b0 JavaThread "File watcher consumer"      daemon [_thread_blocked, id=15156, stack(0x0000001ad7100000,0x0000001ad7200000) (1024K)]
  0x000001248f481890 JavaThread "jar transforms"                    [_thread_blocked, id=10228, stack(0x0000001ad7200000,0x0000001ad7300000) (1024K)]
  0x000001248f481f20 JavaThread "jar transforms Thread 2"           [_thread_blocked, id=19116, stack(0x0000001ad7300000,0x0000001ad7400000) (1024K)]
  0x00000124926d2470 JavaThread "C2 CompilerThread4"         daemon [_thread_blocked, id=21532, stack(0x0000001ad7400000,0x0000001ad7500000) (1024K)]
  0x000001248f4804e0 JavaThread "Cache worker for checksums cache (D:\project_1.4v\.gradle\8.13\checksums)"        [_thread_blocked, id=6092, stack(0x0000001ad7500000,0x0000001ad7600000) (1024K)]
  0x000001248f4832d0 JavaThread "Cache worker for file content cache (C:\Users\COMPUTER\.gradle\caches\8.13\fileContent)"        [_thread_blocked, id=12540, stack(0x0000001ad7600000,0x0000001ad7700000) (1024K)]
  0x000001248f481200 JavaThread "jar transforms Thread 3"           [_thread_blocked, id=17052, stack(0x0000001ad7700000,0x0000001ad7800000) (1024K)]
  0x000001248f482c40 JavaThread "Cache worker for cache directory md-supplier (C:\Users\COMPUTER\.gradle\caches\8.13\md-supplier)"        [_thread_blocked, id=25232, stack(0x0000001ad7800000,0x0000001ad7900000) (1024K)]
  0x0000012492865f60 JavaThread "Cache worker for cache directory md-rule (C:\Users\COMPUTER\.gradle\caches\8.13\md-rule)"        [_thread_blocked, id=3560, stack(0x0000001ad7900000,0x0000001ad7a00000) (1024K)]
  0x00000124928679a0 JavaThread "Unconstrained build operations"        [_thread_blocked, id=16004, stack(0x0000001ad7a00000,0x0000001ad7b00000) (1024K)]
  0x0000012492868030 JavaThread "Unconstrained build operations Thread 2"        [_thread_blocked, id=13520, stack(0x0000001ad7b00000,0x0000001ad7c00000) (1024K)]
  0x0000012492865240 JavaThread "Unconstrained build operations Thread 3"        [_thread_blocked, id=9424, stack(0x0000001ad7c00000,0x0000001ad7d00000) (1024K)]
  0x00000124928665f0 JavaThread "Unconstrained build operations Thread 4"        [_thread_blocked, id=8260, stack(0x0000001ad7d00000,0x0000001ad7e00000) (1024K)]
  0x0000012492867310 JavaThread "Unconstrained build operations Thread 5"        [_thread_blocked, id=17388, stack(0x0000001ad7e00000,0x0000001ad7f00000) (1024K)]
  0x00000124928686c0 JavaThread "Unconstrained build operations Thread 6"        [_thread_blocked, id=24160, stack(0x0000001ad7f00000,0x0000001ad8000000) (1024K)]
  0x0000012492866c80 JavaThread "Unconstrained build operations Thread 7"        [_thread_blocked, id=26212, stack(0x0000001ad8000000,0x0000001ad8100000) (1024K)]
  0x00000124905b0b30 JavaThread "Unconstrained build operations Thread 8"        [_thread_blocked, id=23660, stack(0x0000001ad8100000,0x0000001ad8200000) (1024K)]
  0x00000124905b11c0 JavaThread "Unconstrained build operations Thread 9"        [_thread_blocked, id=24484, stack(0x0000001ad8200000,0x0000001ad8300000) (1024K)]
  0x00000124905b1850 JavaThread "Unconstrained build operations Thread 10"        [_thread_blocked, id=9428, stack(0x0000001ad8300000,0x0000001ad8400000) (1024K)]
  0x00000124905b3fb0 JavaThread "jar transforms Thread 4"           [_thread_blocked, id=23436, stack(0x0000001ad8400000,0x0000001ad8500000) (1024K)]
  0x00000124905b1ee0 JavaThread "jar transforms Thread 5"           [_thread_blocked, id=22056, stack(0x0000001ad8500000,0x0000001ad8600000) (1024K)]
  0x00000124905b2570 JavaThread "Unconstrained build operations Thread 11"        [_thread_blocked, id=15076, stack(0x0000001ad8600000,0x0000001ad8700000) (1024K)]
  0x00000124905b3290 JavaThread "Unconstrained build operations Thread 12"        [_thread_blocked, id=9932, stack(0x0000001ad8700000,0x0000001ad8800000) (1024K)]
  0x00000124905b2c00 JavaThread "Unconstrained build operations Thread 13"        [_thread_blocked, id=11156, stack(0x0000001ad8800000,0x0000001ad8900000) (1024K)]
  0x00000124905b3920 JavaThread "Unconstrained build operations Thread 14"        [_thread_blocked, id=25192, stack(0x0000001ad8900000,0x0000001ad8a00000) (1024K)]
  0x0000012492851f10 JavaThread "Unconstrained build operations Thread 15"        [_thread_blocked, id=10260, stack(0x0000001ad8a00000,0x0000001ad8b00000) (1024K)]
  0x00000124928504d0 JavaThread "jar transforms Thread 6"           [_thread_blocked, id=8788, stack(0x0000001ad8b00000,0x0000001ad8c00000) (1024K)]
  0x0000012492850b60 JavaThread "jar transforms Thread 7"           [_thread_blocked, id=17176, stack(0x0000001ad8c00000,0x0000001ad8d00000) (1024K)]
  0x00000124928511f0 JavaThread "jar transforms Thread 8"           [_thread_blocked, id=18336, stack(0x0000001ad8d00000,0x0000001ad8e00000) (1024K)]
Total: 62

Other Threads:
  0x00000124f9b82d20 VMThread "VM Thread"                           [id=23032, stack(0x0000001ad3900000,0x0000001ad3a00000) (1024K)]
  0x00000124f9b30de0 WatcherThread "VM Periodic Task Thread"        [id=17288, stack(0x0000001ad3800000,0x0000001ad3900000) (1024K)]
  0x00000124efa16070 WorkerThread "GC Thread#0"                     [id=10724, stack(0x0000001ad3300000,0x0000001ad3400000) (1024K)]
  0x00000124fe41a940 WorkerThread "GC Thread#1"                     [id=22768, stack(0x0000001ad4900000,0x0000001ad4a00000) (1024K)]
  0x00000124fe3c6850 WorkerThread "GC Thread#2"                     [id=10184, stack(0x0000001ad4a00000,0x0000001ad4b00000) (1024K)]
  0x00000124fe3c6bf0 WorkerThread "GC Thread#3"                     [id=17792, stack(0x0000001ad4b00000,0x0000001ad4c00000) (1024K)]
  0x00000124fe6928a0 WorkerThread "GC Thread#4"                     [id=24236, stack(0x0000001ad4c00000,0x0000001ad4d00000) (1024K)]
  0x00000124fe307220 WorkerThread "GC Thread#5"                     [id=22524, stack(0x0000001ad4d00000,0x0000001ad4e00000) (1024K)]
  0x000001248f6eea30 WorkerThread "GC Thread#6"                     [id=17088, stack(0x0000001ad5100000,0x0000001ad5200000) (1024K)]
  0x000001248f52dd60 WorkerThread "GC Thread#7"                     [id=15492, stack(0x0000001ad5200000,0x0000001ad5300000) (1024K)]
  0x000001248f33db70 WorkerThread "GC Thread#8"                     [id=17444, stack(0x0000001ad5300000,0x0000001ad5400000) (1024K)]
  0x000001248f33e2b0 WorkerThread "GC Thread#9"                     [id=16468, stack(0x0000001ad5400000,0x0000001ad5500000) (1024K)]
  0x000001248f33e9f0 WorkerThread "GC Thread#10"                    [id=23308, stack(0x0000001ad5500000,0x0000001ad5600000) (1024K)]
  0x000001248f33d7d0 WorkerThread "GC Thread#11"                    [id=20460, stack(0x0000001ad5600000,0x0000001ad5700000) (1024K)]
  0x000001248f33d430 WorkerThread "GC Thread#12"                    [id=17392, stack(0x0000001ad5700000,0x0000001ad5800000) (1024K)]
  0x000001248f33d090 WorkerThread "GC Thread#13"                    [id=19172, stack(0x0000001ad5f00000,0x0000001ad6000000) (1024K)]
  0x000001248f33df10 WorkerThread "GC Thread#14"                    [id=17368, stack(0x0000001ad6000000,0x0000001ad6100000) (1024K)]
  0x000001248f33e650 WorkerThread "GC Thread#15"                    [id=1640, stack(0x0000001ad6100000,0x0000001ad6200000) (1024K)]
  0x000001248f5ab6b0 WorkerThread "GC Thread#16"                    [id=3732, stack(0x0000001ad6200000,0x0000001ad6300000) (1024K)]
  0x000001248f5ad750 WorkerThread "GC Thread#17"                    [id=19088, stack(0x0000001ad6300000,0x0000001ad6400000) (1024K)]
  0x000001248f5aa490 WorkerThread "GC Thread#18"                    [id=25692, stack(0x0000001ad6400000,0x0000001ad6500000) (1024K)]
  0x000001248f5adaf0 WorkerThread "GC Thread#19"                    [id=21144, stack(0x0000001ad6500000,0x0000001ad6600000) (1024K)]
  0x00000124efa27e50 ConcurrentGCThread "G1 Main Marker"            [id=10080, stack(0x0000001ad3400000,0x0000001ad3500000) (1024K)]
  0x00000124efa29000 WorkerThread "G1 Conc#0"                       [id=15580, stack(0x0000001ad3500000,0x0000001ad3600000) (1024K)]
  0x000001248f5aa830 WorkerThread "G1 Conc#1"                       [id=19096, stack(0x0000001ad6600000,0x0000001ad6700000) (1024K)]
  0x000001248f5acc70 WorkerThread "G1 Conc#2"                       [id=25540, stack(0x0000001ad6700000,0x0000001ad6800000) (1024K)]
  0x000001248f5ade90 WorkerThread "G1 Conc#3"                       [id=14176, stack(0x0000001ad6800000,0x0000001ad6900000) (1024K)]
  0x000001248f5ad010 WorkerThread "G1 Conc#4"                       [id=1480, stack(0x0000001ad6900000,0x0000001ad6a00000) (1024K)]
  0x00000124f96be030 ConcurrentGCThread "G1 Refine#0"               [id=636, stack(0x0000001ad3600000,0x0000001ad3700000) (1024K)]
  0x00000124f96bf960 ConcurrentGCThread "G1 Service"                [id=14452, stack(0x0000001ad3700000,0x0000001ad3800000) (1024K)]
Total: 30

Threads with active compile tasks:
C2 CompilerThread0  3339 6606   !   4       java.net.URLClassLoader::findClass (47 bytes)
C2 CompilerThread2  3339 6614   !   4       java.net.URLClassLoader$1::run (81 bytes)
C2 CompilerThread3  3339 6612       4       java.net.URLClassLoader$1::run (5 bytes)
Total: 3

VM state: not at safepoint (normal execution)

VM Mutex/Monitor currently owned by a thread: None

Heap address: 0x0000000080000000, size: 2048 MB, Compressed Oops mode: 32-bit

CDS archive(s) not mapped
Compressed class space mapped at: 0x0000000100000000-0x0000000140000000, reserved size: 1073741824
Narrow klass base: 0x0000000000000000, Narrow klass shift: 3, Narrow klass range: 0x140000000

GC Precious Log:
 CardTable entry size: 512
 Card Set container configuration: InlinePtr #cards 5 size 8 Array Of Cards #cards 12 size 40 Howl #buckets 4 coarsen threshold 1843 Howl Bitmap #cards 512 size 80 coarsen threshold 460 Card regions per heap region 1 cards per card region 2048
 CPUs: 28 total, 28 available
 Memory: 16039M
 Large Page Support: Disabled
 NUMA Support: Disabled
 Compressed Oops: Enabled (32-bit)
 Heap Region Size: 1M
 Heap Min Capacity: 8M
 Heap Initial Capacity: 252M
 Heap Max Capacity: 2G
 Pre-touch: Disabled
 Parallel Workers: 20
 Concurrent Workers: 5
 Concurrent Refinement Workers: 20
 Periodic GC: Disabled

Heap:
 garbage-first heap   total 121856K, used 82628K [0x0000000080000000, 0x0000000100000000)
  region size 1024K, 40 young (40960K), 4 survivors (4096K)
 Metaspace       used 69411K, committed 71104K, reserved 1114112K
  class space    used 9801K, committed 10624K, reserved 1048576K

Heap Regions: E=young(eden), S=young(survivor), O=old, HS=humongous(starts), HC=humongous(continues), CS=collection set, F=free, TAMS=top-at-mark-start, PB=parsable bottom
|   0|0x0000000080000000, 0x0000000080100000, 0x0000000080100000|100%|HS|  |TAMS 0x0000000080000000| PB 0x0000000080000000| Complete 
|   1|0x0000000080100000, 0x0000000080200000, 0x0000000080200000|100%|HC|  |TAMS 0x0000000080100000| PB 0x0000000080100000| Complete 
|   2|0x0000000080200000, 0x0000000080300000, 0x0000000080300000|100%|HC|  |TAMS 0x0000000080200000| PB 0x0000000080200000| Complete 
|   3|0x0000000080300000, 0x0000000080400000, 0x0000000080400000|100%| O|  |TAMS 0x0000000080300000| PB 0x0000000080300000| Untracked 
|   4|0x0000000080400000, 0x0000000080500000, 0x0000000080500000|100%| O|  |TAMS 0x0000000080400000| PB 0x0000000080400000| Untracked 
|   5|0x0000000080500000, 0x0000000080600000, 0x0000000080600000|100%| O|  |TAMS 0x0000000080500000| PB 0x0000000080500000| Untracked 
|   6|0x0000000080600000, 0x0000000080700000, 0x0000000080700000|100%|HS|  |TAMS 0x0000000080600000| PB 0x0000000080600000| Complete 
|   7|0x0000000080700000, 0x0000000080800000, 0x0000000080800000|100%| O|  |TAMS 0x0000000080700000| PB 0x0000000080700000| Untracked 
|   8|0x0000000080800000, 0x0000000080900000, 0x0000000080900000|100%| O|  |TAMS 0x0000000080800000| PB 0x0000000080800000| Untracked 
|   9|0x0000000080900000, 0x0000000080a00000, 0x0000000080a00000|100%| O|  |TAMS 0x0000000080900000| PB 0x0000000080900000| Untracked 
|  10|0x0000000080a00000, 0x0000000080b00000, 0x0000000080b00000|100%| O|  |TAMS 0x0000000080a00000| PB 0x0000000080a00000| Untracked 
|  11|0x0000000080b00000, 0x0000000080c00000, 0x0000000080c00000|100%| O|  |TAMS 0x0000000080b00000| PB 0x0000000080b00000| Untracked 
|  12|0x0000000080c00000, 0x0000000080d00000, 0x0000000080d00000|100%| O|  |TAMS 0x0000000080c00000| PB 0x0000000080c00000| Untracked 
|  13|0x0000000080d00000, 0x0000000080e00000, 0x0000000080e00000|100%| O|  |TAMS 0x0000000080d00000| PB 0x0000000080d00000| Untracked 
|  14|0x0000000080e00000, 0x0000000080f00000, 0x0000000080f00000|100%| O|  |TAMS 0x0000000080e00000| PB 0x0000000080e00000| Untracked 
|  15|0x0000000080f00000, 0x0000000081000000, 0x0000000081000000|100%| O|  |TAMS 0x0000000080f00000| PB 0x0000000080f00000| Untracked 
|  16|0x0000000081000000, 0x0000000081100000, 0x0000000081100000|100%| O|  |TAMS 0x0000000081000000| PB 0x0000000081000000| Untracked 
|  17|0x0000000081100000, 0x0000000081200000, 0x0000000081200000|100%| O|  |TAMS 0x0000000081100000| PB 0x0000000081100000| Untracked 
|  18|0x0000000081200000, 0x0000000081300000, 0x0000000081300000|100%| O|  |TAMS 0x0000000081200000| PB 0x0000000081200000| Untracked 
|  19|0x0000000081300000, 0x0000000081400000, 0x0000000081400000|100%| O|  |TAMS 0x0000000081300000| PB 0x0000000081300000| Untracked 
|  20|0x0000000081400000, 0x0000000081500000, 0x0000000081500000|100%| O|  |TAMS 0x0000000081400000| PB 0x0000000081400000| Untracked 
|  21|0x0000000081500000, 0x0000000081600000, 0x0000000081600000|100%| O|  |TAMS 0x0000000081500000| PB 0x0000000081500000| Untracked 
|  22|0x0000000081600000, 0x0000000081700000, 0x0000000081700000|100%| O|Cm|TAMS 0x0000000081600000| PB 0x0000000081600000| Complete 
|  23|0x0000000081700000, 0x0000000081800000, 0x0000000081800000|100%| O|  |TAMS 0x0000000081700000| PB 0x0000000081700000| Untracked 
|  24|0x0000000081800000, 0x0000000081900000, 0x0000000081900000|100%| O|  |TAMS 0x0000000081800000| PB 0x0000000081800000| Untracked 
|  25|0x0000000081900000, 0x0000000081a00000, 0x0000000081a00000|100%| O|  |TAMS 0x0000000081900000| PB 0x0000000081900000| Untracked 
|  26|0x0000000081a00000, 0x0000000081b00000, 0x0000000081b00000|100%| O|  |TAMS 0x0000000081a00000| PB 0x0000000081a00000| Untracked 
|  27|0x0000000081b00000, 0x0000000081c00000, 0x0000000081c00000|100%| O|  |TAMS 0x0000000081b00000| PB 0x0000000081b00000| Untracked 
|  28|0x0000000081c00000, 0x0000000081d00000, 0x0000000081d00000|100%|HS|  |TAMS 0x0000000081c00000| PB 0x0000000081c00000| Complete 
|  29|0x0000000081d00000, 0x0000000081e00000, 0x0000000081e00000|100%|HC|  |TAMS 0x0000000081d00000| PB 0x0000000081d00000| Complete 
|  30|0x0000000081e00000, 0x0000000081f00000, 0x0000000081f00000|100%| O|  |TAMS 0x0000000081e00000| PB 0x0000000081e00000| Untracked 
|  31|0x0000000081f00000, 0x0000000082000000, 0x0000000082000000|100%| O|  |TAMS 0x0000000081f00000| PB 0x0000000081f00000| Untracked 
|  32|0x0000000082000000, 0x0000000082100000, 0x0000000082100000|100%| O|  |TAMS 0x0000000082000000| PB 0x0000000082000000| Untracked 
|  33|0x0000000082100000, 0x0000000082200000, 0x0000000082200000|100%| O|  |TAMS 0x0000000082100000| PB 0x0000000082100000| Untracked 
|  34|0x0000000082200000, 0x0000000082300000, 0x0000000082300000|100%| O|  |TAMS 0x0000000082200000| PB 0x0000000082200000| Untracked 
|  35|0x0000000082300000, 0x0000000082400000, 0x0000000082400000|100%| O|  |TAMS 0x0000000082300000| PB 0x0000000082300000| Untracked 
|  36|0x0000000082400000, 0x0000000082500000, 0x0000000082500000|100%| O|  |TAMS 0x0000000082400000| PB 0x0000000082400000| Untracked 
|  37|0x0000000082500000, 0x0000000082599a80, 0x0000000082600000| 60%| O|  |TAMS 0x0000000082500000| PB 0x0000000082500000| Untracked 
|  38|0x0000000082600000, 0x0000000082700000, 0x0000000082700000|100%| O|  |TAMS 0x0000000082600000| PB 0x0000000082600000| Untracked 
|  39|0x0000000082700000, 0x0000000082800000, 0x0000000082800000|100%| O|  |TAMS 0x0000000082700000| PB 0x0000000082700000| Untracked 
|  40|0x0000000082800000, 0x0000000082900000, 0x0000000082900000|100%| O|  |TAMS 0x0000000082800000| PB 0x0000000082800000| Untracked 
|  41|0x0000000082900000, 0x0000000082900000, 0x0000000082a00000|  0%| F|  |TAMS 0x0000000082900000| PB 0x0000000082900000| Untracked 
|  42|0x0000000082a00000, 0x0000000082a00000, 0x0000000082b00000|  0%| F|  |TAMS 0x0000000082a00000| PB 0x0000000082a00000| Untracked 
|  43|0x0000000082b00000, 0x0000000082b00000, 0x0000000082c00000|  0%| F|  |TAMS 0x0000000082b00000| PB 0x0000000082b00000| Untracked 
|  44|0x0000000082c00000, 0x0000000082c00000, 0x0000000082d00000|  0%| F|  |TAMS 0x0000000082c00000| PB 0x0000000082c00000| Untracked 
|  45|0x0000000082d00000, 0x0000000082d00000, 0x0000000082e00000|  0%| F|  |TAMS 0x0000000082d00000| PB 0x0000000082d00000| Untracked 
|  46|0x0000000082e00000, 0x0000000082e00000, 0x0000000082f00000|  0%| F|  |TAMS 0x0000000082e00000| PB 0x0000000082e00000| Untracked 
|  47|0x0000000082f00000, 0x0000000082f00000, 0x0000000083000000|  0%| F|  |TAMS 0x0000000082f00000| PB 0x0000000082f00000| Untracked 
|  48|0x0000000083000000, 0x00000000830178e0, 0x0000000083100000|  9%| S|CS|TAMS 0x0000000083000000| PB 0x0000000083000000| Complete 
|  49|0x0000000083100000, 0x0000000083200000, 0x0000000083200000|100%| S|CS|TAMS 0x0000000083100000| PB 0x0000000083100000| Complete 
|  50|0x0000000083200000, 0x0000000083300000, 0x0000000083300000|100%| S|CS|TAMS 0x0000000083200000| PB 0x0000000083200000| Complete 
|  51|0x0000000083300000, 0x0000000083400000, 0x0000000083400000|100%| S|CS|TAMS 0x0000000083300000| PB 0x0000000083300000| Complete 
|  52|0x0000000083400000, 0x0000000083400000, 0x0000000083500000|  0%| F|  |TAMS 0x0000000083400000| PB 0x0000000083400000| Untracked 
|  53|0x0000000083500000, 0x0000000083500000, 0x0000000083600000|  0%| F|  |TAMS 0x0000000083500000| PB 0x0000000083500000| Untracked 
|  54|0x0000000083600000, 0x0000000083600000, 0x0000000083700000|  0%| F|  |TAMS 0x0000000083600000| PB 0x0000000083600000| Untracked 
|  55|0x0000000083700000, 0x0000000083700000, 0x0000000083800000|  0%| F|  |TAMS 0x0000000083700000| PB 0x0000000083700000| Untracked 
|  56|0x0000000083800000, 0x0000000083800000, 0x0000000083900000|  0%| F|  |TAMS 0x0000000083800000| PB 0x0000000083800000| Untracked 
|  57|0x0000000083900000, 0x0000000083900000, 0x0000000083a00000|  0%| F|  |TAMS 0x0000000083900000| PB 0x0000000083900000| Untracked 
|  58|0x0000000083a00000, 0x0000000083a00000, 0x0000000083b00000|  0%| F|  |TAMS 0x0000000083a00000| PB 0x0000000083a00000| Untracked 
|  59|0x0000000083b00000, 0x0000000083b00000, 0x0000000083c00000|  0%| F|  |TAMS 0x0000000083b00000| PB 0x0000000083b00000| Untracked 
|  60|0x0000000083c00000, 0x0000000083c00000, 0x0000000083d00000|  0%| F|  |TAMS 0x0000000083c00000| PB 0x0000000083c00000| Untracked 
|  61|0x0000000083d00000, 0x0000000083d00000, 0x0000000083e00000|  0%| F|  |TAMS 0x0000000083d00000| PB 0x0000000083d00000| Untracked 
|  62|0x0000000083e00000, 0x0000000083e00000, 0x0000000083f00000|  0%| F|  |TAMS 0x0000000083e00000| PB 0x0000000083e00000| Untracked 
|  63|0x0000000083f00000, 0x0000000083f00000, 0x0000000084000000|  0%| F|  |TAMS 0x0000000083f00000| PB 0x0000000083f00000| Untracked 
|  64|0x0000000084000000, 0x0000000084000000, 0x0000000084100000|  0%| F|  |TAMS 0x0000000084000000| PB 0x0000000084000000| Untracked 
|  65|0x0000000084100000, 0x0000000084100000, 0x0000000084200000|  0%| F|  |TAMS 0x0000000084100000| PB 0x0000000084100000| Untracked 
|  66|0x0000000084200000, 0x0000000084200000, 0x0000000084300000|  0%| F|  |TAMS 0x0000000084200000| PB 0x0000000084200000| Untracked 
|  67|0x0000000084300000, 0x0000000084300000, 0x0000000084400000|  0%| F|  |TAMS 0x0000000084300000| PB 0x0000000084300000| Untracked 
|  68|0x0000000084400000, 0x0000000084400000, 0x0000000084500000|  0%| F|  |TAMS 0x0000000084400000| PB 0x0000000084400000| Untracked 
|  69|0x0000000084500000, 0x0000000084500000, 0x0000000084600000|  0%| F|  |TAMS 0x0000000084500000| PB 0x0000000084500000| Untracked 
|  70|0x0000000084600000, 0x0000000084600000, 0x0000000084700000|  0%| F|  |TAMS 0x0000000084600000| PB 0x0000000084600000| Untracked 
|  71|0x0000000084700000, 0x0000000084700000, 0x0000000084800000|  0%| F|  |TAMS 0x0000000084700000| PB 0x0000000084700000| Untracked 
|  72|0x0000000084800000, 0x0000000084800000, 0x0000000084900000|  0%| F|  |TAMS 0x0000000084800000| PB 0x0000000084800000| Untracked 
|  73|0x0000000084900000, 0x0000000084900000, 0x0000000084a00000|  0%| F|  |TAMS 0x0000000084900000| PB 0x0000000084900000| Untracked 
|  74|0x0000000084a00000, 0x0000000084a00000, 0x0000000084b00000|  0%| F|  |TAMS 0x0000000084a00000| PB 0x0000000084a00000| Untracked 
|  75|0x0000000084b00000, 0x0000000084b00000, 0x0000000084c00000|  0%| F|  |TAMS 0x0000000084b00000| PB 0x0000000084b00000| Untracked 
|  76|0x0000000084c00000, 0x0000000084c00000, 0x0000000084d00000|  0%| F|  |TAMS 0x0000000084c00000| PB 0x0000000084c00000| Untracked 
|  77|0x0000000084d00000, 0x0000000084d00000, 0x0000000084e00000|  0%| F|  |TAMS 0x0000000084d00000| PB 0x0000000084d00000| Untracked 
|  78|0x0000000084e00000, 0x0000000084e00000, 0x0000000084f00000|  0%| F|  |TAMS 0x0000000084e00000| PB 0x0000000084e00000| Untracked 
|  79|0x0000000084f00000, 0x0000000084f00000, 0x0000000085000000|  0%| F|  |TAMS 0x0000000084f00000| PB 0x0000000084f00000| Untracked 
|  80|0x0000000085000000, 0x0000000085000000, 0x0000000085100000|  0%| F|  |TAMS 0x0000000085000000| PB 0x0000000085000000| Untracked 
|  81|0x0000000085100000, 0x0000000085200000, 0x0000000085200000|100%| E|  |TAMS 0x0000000085100000| PB 0x0000000085100000| Complete 
|  82|0x0000000085200000, 0x0000000085300000, 0x0000000085300000|100%| E|CS|TAMS 0x0000000085200000| PB 0x0000000085200000| Complete 
|  83|0x0000000085300000, 0x0000000085400000, 0x0000000085400000|100%| E|CS|TAMS 0x0000000085300000| PB 0x0000000085300000| Complete 
|  84|0x0000000085400000, 0x0000000085500000, 0x0000000085500000|100%| E|CS|TAMS 0x0000000085400000| PB 0x0000000085400000| Complete 
|  85|0x0000000085500000, 0x0000000085600000, 0x0000000085600000|100%| E|CS|TAMS 0x0000000085500000| PB 0x0000000085500000| Complete 
|  86|0x0000000085600000, 0x0000000085700000, 0x0000000085700000|100%| E|CS|TAMS 0x0000000085600000| PB 0x0000000085600000| Complete 
|  87|0x0000000085700000, 0x0000000085800000, 0x0000000085800000|100%| E|CS|TAMS 0x0000000085700000| PB 0x0000000085700000| Complete 
|  88|0x0000000085800000, 0x0000000085900000, 0x0000000085900000|100%| E|CS|TAMS 0x0000000085800000| PB 0x0000000085800000| Complete 
|  89|0x0000000085900000, 0x0000000085a00000, 0x0000000085a00000|100%| E|CS|TAMS 0x0000000085900000| PB 0x0000000085900000| Complete 
|  90|0x0000000085a00000, 0x0000000085b00000, 0x0000000085b00000|100%| E|CS|TAMS 0x0000000085a00000| PB 0x0000000085a00000| Complete 
|  91|0x0000000085b00000, 0x0000000085c00000, 0x0000000085c00000|100%| E|CS|TAMS 0x0000000085b00000| PB 0x0000000085b00000| Complete 
|  92|0x0000000085c00000, 0x0000000085d00000, 0x0000000085d00000|100%| E|CS|TAMS 0x0000000085c00000| PB 0x0000000085c00000| Complete 
|  93|0x0000000085d00000, 0x0000000085e00000, 0x0000000085e00000|100%| E|CS|TAMS 0x0000000085d00000| PB 0x0000000085d00000| Complete 
|  94|0x0000000085e00000, 0x0000000085f00000, 0x0000000085f00000|100%| E|CS|TAMS 0x0000000085e00000| PB 0x0000000085e00000| Complete 
|  95|0x0000000085f00000, 0x0000000086000000, 0x0000000086000000|100%| E|CS|TAMS 0x0000000085f00000| PB 0x0000000085f00000| Complete 
|  96|0x0000000086000000, 0x0000000086100000, 0x0000000086100000|100%| E|CS|TAMS 0x0000000086000000| PB 0x0000000086000000| Complete 
|  97|0x0000000086100000, 0x0000000086200000, 0x0000000086200000|100%| E|CS|TAMS 0x0000000086100000| PB 0x0000000086100000| Complete 
|  98|0x0000000086200000, 0x0000000086300000, 0x0000000086300000|100%| E|CS|TAMS 0x0000000086200000| PB 0x0000000086200000| Complete 
|  99|0x0000000086300000, 0x0000000086400000, 0x0000000086400000|100%| E|CS|TAMS 0x0000000086300000| PB 0x0000000086300000| Complete 
| 100|0x0000000086400000, 0x0000000086500000, 0x0000000086500000|100%| E|CS|TAMS 0x0000000086400000| PB 0x0000000086400000| Complete 
| 101|0x0000000086500000, 0x0000000086600000, 0x0000000086600000|100%| E|CS|TAMS 0x0000000086500000| PB 0x0000000086500000| Complete 
| 102|0x0000000086600000, 0x0000000086700000, 0x0000000086700000|100%| E|CS|TAMS 0x0000000086600000| PB 0x0000000086600000| Complete 
| 103|0x0000000086700000, 0x0000000086800000, 0x0000000086800000|100%| E|CS|TAMS 0x0000000086700000| PB 0x0000000086700000| Complete 
| 104|0x0000000086800000, 0x0000000086900000, 0x0000000086900000|100%| E|CS|TAMS 0x0000000086800000| PB 0x0000000086800000| Complete 
| 105|0x0000000086900000, 0x0000000086a00000, 0x0000000086a00000|100%| E|CS|TAMS 0x0000000086900000| PB 0x0000000086900000| Complete 
| 232|0x000000008e800000, 0x000000008e900000, 0x000000008e900000|100%| E|CS|TAMS 0x000000008e800000| PB 0x000000008e800000| Complete 
| 233|0x000000008e900000, 0x000000008ea00000, 0x000000008ea00000|100%| E|CS|TAMS 0x000000008e900000| PB 0x000000008e900000| Complete 
| 234|0x000000008ea00000, 0x000000008eb00000, 0x000000008eb00000|100%| E|CS|TAMS 0x000000008ea00000| PB 0x000000008ea00000| Complete 
| 235|0x000000008eb00000, 0x000000008ec00000, 0x000000008ec00000|100%| E|CS|TAMS 0x000000008eb00000| PB 0x000000008eb00000| Complete 
| 236|0x000000008ec00000, 0x000000008ed00000, 0x000000008ed00000|100%| E|CS|TAMS 0x000000008ec00000| PB 0x000000008ec00000| Complete 
| 237|0x000000008ed00000, 0x000000008ee00000, 0x000000008ee00000|100%| E|CS|TAMS 0x000000008ed00000| PB 0x000000008ed00000| Complete 
| 238|0x000000008ee00000, 0x000000008ef00000, 0x000000008ef00000|100%| E|CS|TAMS 0x000000008ee00000| PB 0x000000008ee00000| Complete 
| 239|0x000000008ef00000, 0x000000008f000000, 0x000000008f000000|100%| E|CS|TAMS 0x000000008ef00000| PB 0x000000008ef00000| Complete 
| 240|0x000000008f000000, 0x000000008f100000, 0x000000008f100000|100%| E|CS|TAMS 0x000000008f000000| PB 0x000000008f000000| Complete 
| 241|0x000000008f100000, 0x000000008f200000, 0x000000008f200000|100%| E|CS|TAMS 0x000000008f100000| PB 0x000000008f100000| Complete 
| 251|0x000000008fb00000, 0x000000008fc00000, 0x000000008fc00000|100%| E|CS|TAMS 0x000000008fb00000| PB 0x000000008fb00000| Complete 
|2046|0x00000000ffe00000, 0x00000000fff00000, 0x00000000fff00000|100%| O|  |TAMS 0x00000000ffe00000| PB 0x00000000ffe00000| Untracked 
|2047|0x00000000fff00000, 0x0000000100000000, 0x0000000100000000|100%| O|  |TAMS 0x00000000fff00000| PB 0x00000000fff00000| Untracked 

Card table byte_map: [0x00000124f3e10000,0x00000124f4210000] _byte_map_base: 0x00000124f3a10000

Marking Bits: (CMBitMap*) 0x00000124efa16680
 Bits: [0x00000124f4210000, 0x00000124f6210000)

Polling page: 0x00000124ed480000

Metaspace:

Usage:
  Non-class:     58.22 MB used.
      Class:      9.57 MB used.
       Both:     67.80 MB used.

Virtual space:
  Non-class space:       64.00 MB reserved,      59.06 MB ( 92%) committed,  1 nodes.
      Class space:        1.00 GB reserved,      10.38 MB (  1%) committed,  1 nodes.
             Both:        1.06 GB reserved,      69.44 MB (  6%) committed. 

Chunk freelists:
   Non-Class:  4.62 MB
       Class:  5.60 MB
        Both:  10.22 MB

MaxMetaspaceSize: unlimited
CompressedClassSpaceSize: 1.00 GB
Initial GC threshold: 21.00 MB
Current GC threshold: 98.06 MB
CDS: off
 - commit_granule_bytes: 65536.
 - commit_granule_words: 8192.
 - virtual_space_node_default_size: 8388608.
 - enlarge_chunks_in_place: 1.
 - use_allocation_guard: 0.


Internal statistics:

num_allocs_failed_limit: 9.
num_arena_births: 3148.
num_arena_deaths: 0.
num_vsnodes_births: 2.
num_vsnodes_deaths: 0.
num_space_committed: 1111.
num_space_uncommitted: 0.
num_chunks_returned_to_freelist: 9.
num_chunks_taken_from_freelist: 5966.
num_chunk_merges: 9.
num_chunk_splits: 3908.
num_chunks_enlarged: 2405.
num_inconsistent_stats: 0.

CodeHeap 'non-profiled nmethods': size=119168Kb used=3788Kb max_used=3788Kb free=115379Kb
 bounds [0x0000012487ba0000, 0x0000012487f60000, 0x000001248f000000]
CodeHeap 'profiled nmethods': size=119104Kb used=11559Kb max_used=11559Kb free=107544Kb
 bounds [0x0000012480000000, 0x0000012480b50000, 0x0000012487450000]
CodeHeap 'non-nmethods': size=7488Kb used=4437Kb max_used=4461Kb free=3050Kb
 bounds [0x0000012487450000, 0x00000124878c0000, 0x0000012487ba0000]
CodeCache: size=245760Kb, used=19784Kb, max_used=19808Kb, free=225973Kb
 total_blobs=6939, nmethods=6046, adapters=794, full_count=0
Compilation: enabled, stopped_count=0, restarted_count=0

Compilation events (20 events):
Event: 3.292 Thread 0x00000124f97735f0 6618       3       com.google.common.collect.ImmutableMapEntrySet$RegularEntrySet::iterator (5 bytes)
Event: 3.292 Thread 0x00000124f9772f40 6619       3       com.google.common.collect.ImmutableMapEntrySet$RegularEntrySet::iterator (8 bytes)
Event: 3.292 Thread 0x00000124f97735f0 nmethod 6618 0x0000012480b32a10 code [0x0000012480b32bc0, 0x0000012480b32df0]
Event: 3.292 Thread 0x00000124f9772f40 nmethod 6619 0x0000012480b32f10 code [0x0000012480b330c0, 0x0000012480b33290]
Event: 3.293 Thread 0x00000124f9c929b0 6620       3       com.google.common.collect.ImmutableSet$RegularSetBuilderImpl::review (86 bytes)
Event: 3.293 Thread 0x00000124f9772f40 6621       3       com.google.common.collect.ImmutableSet$RegularSetBuilderImpl::build (110 bytes)
Event: 3.293 Thread 0x00000124f9c929b0 nmethod 6620 0x0000012480b33390 code [0x0000012480b335e0, 0x0000012480b33ac0]
Event: 3.293 Thread 0x00000124f9772f40 nmethod 6621 0x0000012480b33c90 code [0x0000012480b33f40, 0x0000012480b34cf0]
Event: 3.294 Thread 0x00000124f97735f0 6622       3       com.google.common.cache.LocalCache::usesWriteQueue (5 bytes)
Event: 3.294 Thread 0x00000124f9de5190 6623       3       com.google.common.cache.LocalCache$Segment::newEntryArray (9 bytes)
Event: 3.294 Thread 0x00000124f97735f0 nmethod 6622 0x0000012480b35210 code [0x0000012480b353c0, 0x0000012480b35598]
Event: 3.294 Thread 0x00000124f9de5190 nmethod 6623 0x0000012480b35690 code [0x0000012480b35840, 0x0000012480b35b48]
Event: 3.295 Thread 0x00000124f9772f40 6624       3       java.lang.invoke.LambdaForm$Name::<init> (19 bytes)
Event: 3.295 Thread 0x00000124f97735f0 6625       3       java.lang.invoke.InvokerBytecodeGenerator::addMethod (725 bytes)
Event: 3.295 Thread 0x00000124f9772f40 nmethod 6624 0x0000012480b35c90 code [0x0000012480b35ec0, 0x0000012480b36550]
Event: 3.295 Thread 0x00000124f97735f0 nmethod 6625 0x0000012480b36890 code [0x0000012480b36e00, 0x0000012480b390c0]
Event: 3.301 Thread 0x00000124f9de5190 6626       3       org.objectweb.asm.Frame::getInitializedType (163 bytes)
Event: 3.301 Thread 0x00000124f9de5190 nmethod 6626 0x0000012480b39d10 code [0x0000012480b39f20, 0x0000012480b3a468]
Event: 3.311 Thread 0x00000124f97735f0 6628       3       org.gradle.tooling.internal.provider.runner.ClientBuildEventGenerator::started (168 bytes)
Event: 3.312 Thread 0x00000124f97735f0 nmethod 6628 0x0000012480b3a710 code [0x0000012480b3aac0, 0x0000012480b3c100]

GC Heap History (20 events):
Event: 1.133 GC heap before
{Heap before GC invocations=3 (full 0):
 garbage-first heap   total 258048K, used 27341K [0x0000000080000000, 0x0000000100000000)
  region size 1024K, 19 young (19456K), 9 survivors (9216K)
 Metaspace       used 21217K, committed 21504K, reserved 1114112K
  class space    used 2521K, committed 2624K, reserved 1048576K
}
Event: 1.136 GC heap after
{Heap after GC invocations=4 (full 0):
 garbage-first heap   total 258048K, used 19818K [0x0000000080000000, 0x0000000100000000)
  region size 1024K, 10 young (10240K), 10 survivors (10240K)
 Metaspace       used 21217K, committed 21504K, reserved 1114112K
  class space    used 2521K, committed 2624K, reserved 1048576K
}
Event: 1.477 GC heap before
{Heap before GC invocations=5 (full 0):
 garbage-first heap   total 68608K, used 66922K [0x0000000080000000, 0x0000000100000000)
  region size 1024K, 57 young (58368K), 10 survivors (10240K)
 Metaspace       used 28902K, committed 29376K, reserved 1114112K
  class space    used 3770K, committed 3968K, reserved 1048576K
}
Event: 1.481 GC heap after
{Heap after GC invocations=6 (full 0):
 garbage-first heap   total 81920K, used 22402K [0x0000000080000000, 0x0000000100000000)
  region size 1024K, 13 young (13312K), 13 survivors (13312K)
 Metaspace       used 28902K, committed 29376K, reserved 1114112K
  class space    used 3770K, committed 3968K, reserved 1048576K
}
Event: 1.703 GC heap before
{Heap before GC invocations=6 (full 0):
 garbage-first heap   total 81920K, used 58242K [0x0000000080000000, 0x0000000100000000)
  region size 1024K, 48 young (49152K), 13 survivors (13312K)
 Metaspace       used 33549K, committed 34304K, reserved 1114112K
  class space    used 4583K, committed 4928K, reserved 1048576K
}
Event: 1.708 GC heap after
{Heap after GC invocations=7 (full 0):
 garbage-first heap   total 81920K, used 24451K [0x0000000080000000, 0x0000000100000000)
  region size 1024K, 5 young (5120K), 5 survivors (5120K)
 Metaspace       used 33549K, committed 34304K, reserved 1114112K
  class space    used 4583K, committed 4928K, reserved 1048576K
}
Event: 1.770 GC heap before
{Heap before GC invocations=7 (full 0):
 garbage-first heap   total 81920K, used 32643K [0x0000000080000000, 0x0000000100000000)
  region size 1024K, 15 young (15360K), 5 survivors (5120K)
 Metaspace       used 35158K, committed 35968K, reserved 1114112K
  class space    used 4850K, committed 5184K, reserved 1048576K
}
Event: 1.772 GC heap after
{Heap after GC invocations=8 (full 0):
 garbage-first heap   total 81920K, used 25017K [0x0000000080000000, 0x0000000100000000)
  region size 1024K, 3 young (3072K), 3 survivors (3072K)
 Metaspace       used 35158K, committed 35968K, reserved 1114112K
  class space    used 4850K, committed 5184K, reserved 1048576K
}
Event: 2.080 GC heap before
{Heap before GC invocations=9 (full 0):
 garbage-first heap   total 81920K, used 68025K [0x0000000080000000, 0x0000000100000000)
  region size 1024K, 46 young (47104K), 3 survivors (3072K)
 Metaspace       used 43862K, committed 44736K, reserved 1114112K
  class space    used 5993K, committed 6400K, reserved 1048576K
}
Event: 2.083 GC heap after
{Heap after GC invocations=10 (full 0):
 garbage-first heap   total 98304K, used 29792K [0x0000000080000000, 0x0000000100000000)
  region size 1024K, 6 young (6144K), 6 survivors (6144K)
 Metaspace       used 43862K, committed 44736K, reserved 1114112K
  class space    used 5993K, committed 6400K, reserved 1048576K
}
Event: 2.321 GC heap before
{Heap before GC invocations=10 (full 0):
 garbage-first heap   total 98304K, used 86112K [0x0000000080000000, 0x0000000100000000)
  region size 1024K, 57 young (58368K), 6 survivors (6144K)
 Metaspace       used 48337K, committed 49408K, reserved 1114112K
  class space    used 6555K, committed 7104K, reserved 1048576K
}
Event: 2.324 GC heap after
{Heap after GC invocations=11 (full 0):
 garbage-first heap   total 99328K, used 34347K [0x0000000080000000, 0x0000000100000000)
  region size 1024K, 8 young (8192K), 8 survivors (8192K)
 Metaspace       used 48337K, committed 49408K, reserved 1114112K
  class space    used 6555K, committed 7104K, reserved 1048576K
}
Event: 2.566 GC heap before
{Heap before GC invocations=11 (full 0):
 garbage-first heap   total 99328K, used 84523K [0x0000000080000000, 0x0000000100000000)
  region size 1024K, 57 young (58368K), 8 survivors (8192K)
 Metaspace       used 54689K, committed 56064K, reserved 1114112K
  class space    used 7632K, committed 8320K, reserved 1048576K
}
Event: 2.569 GC heap after
{Heap after GC invocations=12 (full 0):
 garbage-first heap   total 99328K, used 37239K [0x0000000080000000, 0x0000000100000000)
  region size 1024K, 7 young (7168K), 7 survivors (7168K)
 Metaspace       used 54689K, committed 56064K, reserved 1114112K
  class space    used 7632K, committed 8320K, reserved 1048576K
}
Event: 2.806 GC heap before
{Heap before GC invocations=12 (full 0):
 garbage-first heap   total 99328K, used 88439K [0x0000000080000000, 0x0000000100000000)
  region size 1024K, 54 young (55296K), 7 survivors (7168K)
 Metaspace       used 58118K, committed 59584K, reserved 1114112K
  class space    used 8049K, committed 8768K, reserved 1048576K
}
Event: 2.809 GC heap after
{Heap after GC invocations=13 (full 0):
 garbage-first heap   total 101376K, used 43986K [0x0000000080000000, 0x0000000100000000)
  region size 1024K, 7 young (7168K), 7 survivors (7168K)
 Metaspace       used 58118K, committed 59584K, reserved 1114112K
  class space    used 8049K, committed 8768K, reserved 1048576K
}
Event: 2.853 GC heap before
{Heap before GC invocations=13 (full 0):
 garbage-first heap   total 101376K, used 56274K [0x0000000080000000, 0x0000000100000000)
  region size 1024K, 20 young (20480K), 7 survivors (7168K)
 Metaspace       used 58590K, committed 60096K, reserved 1114112K
  class space    used 8108K, committed 8832K, reserved 1048576K
}
Event: 2.855 GC heap after
{Heap after GC invocations=14 (full 0):
 garbage-first heap   total 101376K, used 44840K [0x0000000080000000, 0x0000000100000000)
  region size 1024K, 2 young (2048K), 2 survivors (2048K)
 Metaspace       used 58590K, committed 60096K, reserved 1114112K
  class space    used 8108K, committed 8832K, reserved 1048576K
}
Event: 3.103 GC heap before
{Heap before GC invocations=15 (full 0):
 garbage-first heap   total 101376K, used 88872K [0x0000000080000000, 0x0000000100000000)
  region size 1024K, 45 young (46080K), 2 survivors (2048K)
 Metaspace       used 64803K, committed 66368K, reserved 1114112K
  class space    used 9064K, committed 9792K, reserved 1048576K
}
Event: 3.105 GC heap after
{Heap after GC invocations=16 (full 0):
 garbage-first heap   total 121856K, used 46788K [0x0000000080000000, 0x0000000100000000)
  region size 1024K, 4 young (4096K), 4 survivors (4096K)
 Metaspace       used 64803K, committed 66368K, reserved 1114112K
  class space    used 9064K, committed 9792K, reserved 1048576K
}

Dll operation events (3 events):
Event: 0.005 Loaded shared library C:\Program Files\Android\Android Studio\jbr\bin\java.dll
Event: 0.008 Loaded shared library C:\Program Files\Android\Android Studio\jbr\bin\zip.dll
Event: 0.342 Loaded shared library C:\Program Files\Android\Android Studio\jbr\bin\verify.dll

Deoptimization events (20 events):
Event: 3.243 Thread 0x000001248f47eaa0 DEOPT UNPACKING pc=0x00000124874a46a2 sp=0x0000001ad5bfa198 mode 2
Event: 3.267 Thread 0x000001248f47eaa0 Uncommon trap: trap_request=0xffffffde fr.pc=0x0000012487dac0e4 relative=0x0000000000005444
Event: 3.267 Thread 0x000001248f47eaa0 Uncommon trap: reason=class_check action=maybe_recompile pc=0x0000012487dac0e4 method=java.net.URLClassLoader.defineClass(Ljava/lang/String;Ljdk/internal/loader/Resource;)Ljava/lang/Class; @ 34 c2
Event: 3.267 Thread 0x000001248f47eaa0 DEOPT PACKING pc=0x0000012487dac0e4 sp=0x0000001ad5bf99d0
Event: 3.267 Thread 0x000001248f47eaa0 DEOPT UNPACKING pc=0x00000124874a46a2 sp=0x0000001ad5bf97a8 mode 2
Event: 3.268 Thread 0x000001248f47eaa0 Uncommon trap: trap_request=0xffffffde fr.pc=0x0000012487dac0e4 relative=0x0000000000005444
Event: 3.268 Thread 0x000001248f47eaa0 Uncommon trap: reason=class_check action=maybe_recompile pc=0x0000012487dac0e4 method=java.net.URLClassLoader.defineClass(Ljava/lang/String;Ljdk/internal/loader/Resource;)Ljava/lang/Class; @ 34 c2
Event: 3.268 Thread 0x000001248f47eaa0 DEOPT PACKING pc=0x0000012487dac0e4 sp=0x0000001ad5bf87c0
Event: 3.268 Thread 0x000001248f47eaa0 DEOPT UNPACKING pc=0x00000124874a46a2 sp=0x0000001ad5bf8598 mode 2
Event: 3.269 Thread 0x000001248f47eaa0 Uncommon trap: trap_request=0xffffffde fr.pc=0x0000012487dac0e4 relative=0x0000000000005444
Event: 3.269 Thread 0x000001248f47eaa0 Uncommon trap: reason=class_check action=maybe_recompile pc=0x0000012487dac0e4 method=java.net.URLClassLoader.defineClass(Ljava/lang/String;Ljdk/internal/loader/Resource;)Ljava/lang/Class; @ 34 c2
Event: 3.269 Thread 0x000001248f47eaa0 DEOPT PACKING pc=0x0000012487dac0e4 sp=0x0000001ad5bf87c0
Event: 3.269 Thread 0x000001248f47eaa0 DEOPT UNPACKING pc=0x00000124874a46a2 sp=0x0000001ad5bf8598 mode 2
Event: 3.269 Thread 0x000001248f47eaa0 Uncommon trap: trap_request=0xffffffde fr.pc=0x0000012487dac0e4 relative=0x0000000000005444
Event: 3.269 Thread 0x000001248f47eaa0 Uncommon trap: reason=class_check action=maybe_recompile pc=0x0000012487dac0e4 method=java.net.URLClassLoader.defineClass(Ljava/lang/String;Ljdk/internal/loader/Resource;)Ljava/lang/Class; @ 34 c2
Event: 3.269 Thread 0x000001248f47eaa0 DEOPT PACKING pc=0x0000012487dac0e4 sp=0x0000001ad5bf87c0
Event: 3.269 Thread 0x000001248f47eaa0 DEOPT UNPACKING pc=0x00000124874a46a2 sp=0x0000001ad5bf8598 mode 2
Event: 3.312 Thread 0x000001248f47eaa0 Uncommon trap: trap_request=0xffffff45 fr.pc=0x0000012487e3320c relative=0x000000000000036c
Event: 3.312 Thread 0x000001248f47eaa0 Uncommon trap: reason=unstable_if action=reinterpret pc=0x0000012487e3320c method=org.gradle.internal.reflect.PropertyAccessorType.isGetGetterName(Ljava/lang/String;)Z @ 14 c2
Event: 3.312 Thread 0x000001248f47eaa0 DEOPT PACKING pc=0x0000012487e3320c sp=0x0000001ad5bf9110

Classes loaded (20 events):
Event: 3.249 Loading class java/io/ObjectStreamClass$1
Event: 3.249 Loading class java/io/ObjectStreamClass$1 done
Event: 3.249 Loading class java/io/ObjectStreamClass$MemberSignature
Event: 3.249 Loading class java/io/ObjectStreamClass$MemberSignature done
Event: 3.249 Loading class java/io/ObjectStreamClass$3
Event: 3.249 Loading class java/io/ObjectStreamClass$3 done
Event: 3.249 Loading class java/io/ObjectStreamClass$4
Event: 3.249 Loading class java/io/ObjectStreamClass$4 done
Event: 3.249 Loading class java/io/ObjectStreamClass$5
Event: 3.249 Loading class java/io/ObjectStreamClass$5 done
Event: 3.250 Loading class java/io/ObjectStreamClass$ClassDataSlot
Event: 3.250 Loading class java/io/ObjectStreamClass$ClassDataSlot done
Event: 3.252 Loading class java/io/SerialCallbackContext
Event: 3.252 Loading class java/io/SerialCallbackContext done
Event: 3.263 Loading class java/lang/invoke/SerializedLambda$1
Event: 3.263 Loading class java/lang/invoke/SerializedLambda$1 done
Event: 3.295 Loading class java/util/DualPivotQuicksort
Event: 3.296 Loading class java/util/DualPivotQuicksort done
Event: 3.310 Loading class java/util/function/LongUnaryOperator
Event: 3.310 Loading class java/util/function/LongUnaryOperator done

Classes unloaded (0 events):
No events

Classes redefined (0 events):
No events

Internal exceptions (20 events):
Event: 3.132 Thread 0x000001248f47eaa0 Exception <a 'java/lang/NoSuchMethodError'{0x000000008f0c96f8}: 'void java.lang.invoke.DirectMethodHandle$Holder.invokeStatic(java.lang.Object, java.lang.Object, java.lang.Object, java.lang.Object, java.lang.Object, java.lang.Object, java.lang.Object)'> (0x000000008f0c96f8) 
thrown [s\src\hotspot\share\interpreter\linkResolver.cpp, line 784]
Event: 3.238 Thread 0x000001248f47eaa0 Exception <a 'java/lang/NoSuchMethodError'{0x0000000085ff4f90}: 'void java.lang.invoke.DelegatingMethodHandle$Holder.reinvoke_L(java.lang.Object, java.lang.Object, int)'> (0x0000000085ff4f90) 
thrown [s\src\hotspot\share\interpreter\linkResolver.cpp, line 784]
Event: 3.238 Thread 0x000001248f47eaa0 Exception <a 'java/lang/NoSuchMethodError'{0x0000000085ffc2f8}: 'int java.lang.invoke.Invokers$Holder.invokeExact_MT(java.lang.Object, java.lang.Object, java.lang.Object)'> (0x0000000085ffc2f8) 
thrown [s\src\hotspot\share\interpreter\linkResolver.cpp, line 784]
Event: 3.239 Thread 0x000001248f47eaa0 Exception <a 'java/lang/NoSuchMethodError'{0x0000000085e1cbf8}: 'void java.lang.invoke.DelegatingMethodHandle$Holder.reinvoke_L(java.lang.Object, java.lang.Object, long)'> (0x0000000085e1cbf8) 
thrown [s\src\hotspot\share\interpreter\linkResolver.cpp, line 784]
Event: 3.240 Thread 0x000001248f47eaa0 Exception <a 'java/lang/NoSuchMethodError'{0x0000000085e24178}: 'long java.lang.invoke.Invokers$Holder.invokeExact_MT(java.lang.Object, java.lang.Object, java.lang.Object)'> (0x0000000085e24178) 
thrown [s\src\hotspot\share\interpreter\linkResolver.cpp, line 784]
Event: 3.249 Thread 0x000001248f47d6f0 Exception <a 'java/lang/NoSuchMethodError'{0x0000000085d9eab8}: static Lorg/gradle/internal/build/event/types/DefaultOperationStartedProgressEvent;.<clinit>()V> (0x0000000085d9eab8) 
thrown [s\src\hotspot\share\prims\jni.cpp, line 1144]
Event: 3.249 Thread 0x000001248f47d6f0 Exception <a 'java/lang/NoSuchMethodError'{0x0000000085da0d60}: static Lorg/gradle/internal/build/event/types/AbstractProgressEvent;.<clinit>()V> (0x0000000085da0d60) 
thrown [s\src\hotspot\share\prims\jni.cpp, line 1144]
Event: 3.250 Thread 0x000001248f47d6f0 Exception <a 'java/lang/NoSuchMethodError'{0x0000000085c02190}: static Lorg/gradle/internal/build/event/types/DefaultProjectConfigurationDescriptor;.<clinit>()V> (0x0000000085c02190) 
thrown [s\src\hotspot\share\prims\jni.cpp, line 1144]
Event: 3.250 Thread 0x000001248f47d6f0 Exception <a 'java/lang/NoSuchMethodError'{0x0000000085c04998}: static Lorg/gradle/internal/build/event/types/DefaultOperationDescriptor;.<clinit>()V> (0x0000000085c04998) 
thrown [s\src\hotspot\share\prims\jni.cpp, line 1144]
Event: 3.251 Thread 0x000001248f47d6f0 Exception <a 'java/lang/NoSuchMethodError'{0x0000000085c08560}: 'long java.lang.invoke.DirectMethodHandle$Holder.invokeSpecial(java.lang.Object, java.lang.Object)'> (0x0000000085c08560) 
thrown [s\src\hotspot\share\interpreter\linkResolver.cpp, line 784]
Event: 3.251 Thread 0x000001248f47d6f0 Exception <a 'java/lang/NoSuchMethodError'{0x0000000085c0b9c8}: 'long java.lang.invoke.Invokers$Holder.invokeExact_MT(java.lang.Object, java.lang.Object)'> (0x0000000085c0b9c8) 
thrown [s\src\hotspot\share\interpreter\linkResolver.cpp, line 784]
Event: 3.251 Thread 0x000001248f47d6f0 Exception <a 'java/lang/NoSuchMethodError'{0x0000000085c23a18}: static Lorg/gradle/internal/operations/OperationIdentifier;.<clinit>()V> (0x0000000085c23a18) 
thrown [s\src\hotspot\share\prims\jni.cpp, line 1144]
Event: 3.259 Thread 0x000001248f47eaa0 Exception <a 'java/lang/NoSuchMethodError'{0x0000000085b7edd8}: 'void java.lang.invoke.Invokers$Holder.invokeExact_MT(java.lang.Object, java.lang.Object, java.lang.Object, java.lang.Object)'> (0x0000000085b7edd8) 
thrown [s\src\hotspot\share\interpreter\linkResolver.cpp, line 784]
Event: 3.261 Thread 0x000001248f47eaa0 Exception <a 'java/lang/ClassNotFoundException'{0x0000000085bbc460}: org/gradle/internal/serialize/codecs/core/ClosureCodec$BrokenScriptBeanInfo> (0x0000000085bbc460) 
thrown [s\src\hotspot\share\classfile\systemDictionary.cpp, line 312]
Event: 3.261 Thread 0x000001248f47eaa0 Exception <a 'java/lang/ClassNotFoundException'{0x0000000085bcaf88}: org/gradle/internal/serialize/codecs/core/ClosureCodec$BrokenScriptCustomizer> (0x0000000085bcaf88) 
thrown [s\src\hotspot\share\classfile\systemDictionary.cpp, line 312]
Event: 3.261 Thread 0x000001248f47eaa0 Exception <a 'java/lang/ClassNotFoundException'{0x0000000085be5000}: org/gradle/api/invocation/GradleBeanInfo> (0x0000000085be5000) 
thrown [s\src\hotspot\share\classfile\systemDictionary.cpp, line 312]
Event: 3.261 Thread 0x000001248f47eaa0 Exception <a 'java/lang/ClassNotFoundException'{0x0000000085bf1010}: org/gradle/api/invocation/GradleCustomizer> (0x0000000085bf1010) 
thrown [s\src\hotspot\share\classfile\systemDictionary.cpp, line 312]
Event: 3.262 Thread 0x000001248f47eaa0 Exception <a 'java/lang/NoSuchMethodError'{0x0000000085a13e90}: 'void java.lang.invoke.Invokers$Holder.invokeExact_MT(java.lang.Object, java.lang.Object, int, java.lang.Object)'> (0x0000000085a13e90) 
thrown [s\src\hotspot\share\interpreter\linkResolver.cpp, line 784]
Event: 3.264 Thread 0x000001248f47eaa0 Exception <a 'java/lang/NoSuchMethodError'{0x0000000085a45788}: 'void java.lang.invoke.Invokers$Holder.invokeExact_MT(java.lang.Object, java.lang.Object, long, java.lang.Object)'> (0x0000000085a45788) 
thrown [s\src\hotspot\share\interpreter\linkResolver.cpp, line 784]
Event: 3.310 Thread 0x000001248f47eaa0 Exception <a 'java/lang/NoSuchMethodError'{0x0000000085352e18}: 'long java.lang.invoke.DirectMethodHandle$Holder.invokeStatic(java.lang.Object, long)'> (0x0000000085352e18) 
thrown [s\src\hotspot\share\interpreter\linkResolver.cpp, line 784]

ZGC Phase Switch (0 events):
No events

VM Operations (20 events):
Event: 2.806 Executing VM operation: G1CollectForAllocation (G1 Evacuation Pause)
Event: 2.809 Executing VM operation: G1CollectForAllocation (G1 Evacuation Pause) done
Event: 2.853 Executing VM operation: CollectForMetadataAllocation (Metadata GC Threshold)
Event: 2.855 Executing VM operation: CollectForMetadataAllocation (Metadata GC Threshold) done
Event: 2.860 Executing VM operation: G1PauseRemark
Event: 2.861 Executing VM operation: G1PauseRemark done
Event: 2.864 Executing VM operation: G1PauseCleanup
Event: 2.864 Executing VM operation: G1PauseCleanup done
Event: 3.103 Executing VM operation: G1CollectForAllocation (G1 Evacuation Pause)
Event: 3.105 Executing VM operation: G1CollectForAllocation (G1 Evacuation Pause) done
Event: 3.136 Executing VM operation: HandshakeAllThreads (Deoptimize)
Event: 3.136 Executing VM operation: HandshakeAllThreads (Deoptimize) done
Event: 3.164 Executing VM operation: HandshakeAllThreads (Deoptimize)
Event: 3.165 Executing VM operation: HandshakeAllThreads (Deoptimize) done
Event: 3.177 Executing VM operation: ICBufferFull
Event: 3.177 Executing VM operation: ICBufferFull done
Event: 3.211 Executing VM operation: HandshakeAllThreads (Deoptimize)
Event: 3.211 Executing VM operation: HandshakeAllThreads (Deoptimize) done
Event: 3.249 Executing VM operation: HandshakeAllThreads (Deoptimize)
Event: 3.249 Executing VM operation: HandshakeAllThreads (Deoptimize) done

Memory protections (0 events):
No events

Nmethod flushes (20 events):
Event: 2.861 Thread 0x00000124f9b82d20 flushing  nmethod 0x0000012487cf9790
Event: 2.861 Thread 0x00000124f9b82d20 flushing  nmethod 0x0000012487cfa390
Event: 2.861 Thread 0x00000124f9b82d20 flushing  nmethod 0x000001248002da10
Event: 2.861 Thread 0x00000124f9b82d20 flushing  nmethod 0x000001248002f290
Event: 2.861 Thread 0x00000124f9b82d20 flushing  nmethod 0x0000012480052d10
Event: 2.861 Thread 0x00000124f9b82d20 flushing  nmethod 0x000001248008c410
Event: 2.861 Thread 0x00000124f9b82d20 flushing  nmethod 0x0000012480092810
Event: 2.861 Thread 0x00000124f9b82d20 flushing  nmethod 0x0000012480165310
Event: 2.861 Thread 0x00000124f9b82d20 flushing  nmethod 0x00000124801c0b90
Event: 2.861 Thread 0x00000124f9b82d20 flushing  nmethod 0x00000124801c0e90
Event: 2.861 Thread 0x00000124f9b82d20 flushing  nmethod 0x00000124801e1890
Event: 2.861 Thread 0x00000124f9b82d20 flushing  nmethod 0x00000124801e4b10
Event: 2.861 Thread 0x00000124f9b82d20 flushing  nmethod 0x00000124801e5e90
Event: 2.861 Thread 0x00000124f9b82d20 flushing  nmethod 0x0000012480221810
Event: 2.861 Thread 0x00000124f9b82d20 flushing  nmethod 0x0000012480249690
Event: 2.861 Thread 0x00000124f9b82d20 flushing  nmethod 0x0000012480286390
Event: 2.861 Thread 0x00000124f9b82d20 flushing  nmethod 0x0000012480372090
Event: 2.861 Thread 0x00000124f9b82d20 flushing  nmethod 0x000001248045ff90
Event: 2.861 Thread 0x00000124f9b82d20 flushing  nmethod 0x0000012480471210
Event: 2.861 Thread 0x00000124f9b82d20 flushing  nmethod 0x00000124806a9710

Events (20 events):
Event: 2.603 Thread 0x000001248f47eaa0 Thread added: 0x00000124928679a0
Event: 2.604 Thread 0x000001248f47eaa0 Thread added: 0x0000012492868030
Event: 2.605 Thread 0x000001248f47eaa0 Thread added: 0x0000012492865240
Event: 2.606 Thread 0x000001248f47eaa0 Thread added: 0x00000124928665f0
Event: 2.608 Thread 0x000001248f47eaa0 Thread added: 0x0000012492867310
Event: 2.624 Thread 0x000001248f47eaa0 Thread added: 0x00000124928686c0
Event: 2.624 Thread 0x000001248f47eaa0 Thread added: 0x0000012492866c80
Event: 2.625 Thread 0x000001248f47eaa0 Thread added: 0x00000124905b0b30
Event: 2.625 Thread 0x000001248f47eaa0 Thread added: 0x00000124905b11c0
Event: 2.625 Thread 0x000001248f47eaa0 Thread added: 0x00000124905b1850
Event: 2.671 Thread 0x000001248f47eaa0 Thread added: 0x00000124905b3fb0
Event: 2.695 Thread 0x000001248f47eaa0 Thread added: 0x00000124905b1ee0
Event: 2.709 Thread 0x000001248f47eaa0 Thread added: 0x00000124905b2570
Event: 2.709 Thread 0x000001248f47eaa0 Thread added: 0x00000124905b3290
Event: 2.709 Thread 0x000001248f47eaa0 Thread added: 0x00000124905b2c00
Event: 2.710 Thread 0x000001248f47eaa0 Thread added: 0x00000124905b3920
Event: 2.710 Thread 0x000001248f47eaa0 Thread added: 0x0000012492851f10
Event: 2.718 Thread 0x000001248f47eaa0 Thread added: 0x00000124928504d0
Event: 2.726 Thread 0x000001248f47eaa0 Thread added: 0x0000012492850b60
Event: 2.730 Thread 0x000001248f47eaa0 Thread added: 0x00000124928511f0


Dynamic libraries:
0x00007ff74f6b0000 - 0x00007ff74f6ba000 	C:\Program Files\Android\Android Studio\jbr\bin\java.exe
0x00007ffd993a0000 - 0x00007ffd99607000 	C:\Windows\SYSTEM32\ntdll.dll
0x00007ffd985e0000 - 0x00007ffd986a9000 	C:\Windows\System32\KERNEL32.DLL
0x00007ffd96850000 - 0x00007ffd96c40000 	C:\Windows\System32\KERNELBASE.dll
0x00007ffd96fe0000 - 0x00007ffd9712b000 	C:\Windows\System32\ucrtbase.dll
0x00007ffd93540000 - 0x00007ffd9355b000 	C:\Program Files\Android\Android Studio\jbr\bin\VCRUNTIME140.dll
0x00007ffd7b2a0000 - 0x00007ffd7b2b8000 	C:\Program Files\Android\Android Studio\jbr\bin\jli.dll
0x00007ffd980c0000 - 0x00007ffd98285000 	C:\Windows\System32\USER32.dll
0x00007ffd96820000 - 0x00007ffd96847000 	C:\Windows\System32\win32u.dll
0x00007ffd81bb0000 - 0x00007ffd81e4a000 	C:\Windows\WinSxS\amd64_microsoft.windows.common-controls_6595b64144ccf1df_6.0.26100.4768_none_3e0c112ce331287c\COMCTL32.dll
0x00007ffd98d40000 - 0x00007ffd98d6b000 	C:\Windows\System32\GDI32.dll
0x00007ffd96640000 - 0x00007ffd96778000 	C:\Windows\System32\gdi32full.dll
0x00007ffd98010000 - 0x00007ffd980b9000 	C:\Windows\System32\msvcrt.dll
0x00007ffd96590000 - 0x00007ffd96633000 	C:\Windows\System32\msvcp_win.dll
0x00007ffd98a80000 - 0x00007ffd98aaf000 	C:\Windows\System32\IMM32.DLL
0x00007ffd93530000 - 0x00007ffd9353c000 	C:\Program Files\Android\Android Studio\jbr\bin\vcruntime140_1.dll
0x00007ffd65960000 - 0x00007ffd659ed000 	C:\Program Files\Android\Android Studio\jbr\bin\msvcp140.dll
0x00007ffd24ac0000 - 0x00007ffd25756000 	C:\Program Files\Android\Android Studio\jbr\bin\server\jvm.dll
0x00007ffd974f0000 - 0x00007ffd975a4000 	C:\Windows\System32\ADVAPI32.dll
0x00007ffd98e10000 - 0x00007ffd98eb6000 	C:\Windows\System32\sechost.dll
0x00007ffd98300000 - 0x00007ffd98418000 	C:\Windows\System32\RPCRT4.dll
0x00007ffd97d90000 - 0x00007ffd97e04000 	C:\Windows\System32\WS2_32.dll
0x00007ffd96330000 - 0x00007ffd9638e000 	C:\Windows\SYSTEM32\POWRPROF.dll
0x00007ffd8e1a0000 - 0x00007ffd8e1d5000 	C:\Windows\SYSTEM32\WINMM.dll
0x00007ffd839d0000 - 0x00007ffd839db000 	C:\Windows\SYSTEM32\VERSION.dll
0x00007ffd96310000 - 0x00007ffd96324000 	C:\Windows\SYSTEM32\UMPDC.dll
0x00007ffd95210000 - 0x00007ffd9522b000 	C:\Windows\SYSTEM32\kernel.appcore.dll
0x00007ffd912a0000 - 0x00007ffd912aa000 	C:\Program Files\Android\Android Studio\jbr\bin\jimage.dll
0x00007ffd81e90000 - 0x00007ffd820d1000 	C:\Windows\SYSTEM32\DBGHELP.DLL
0x00007ffd97160000 - 0x00007ffd974e5000 	C:\Windows\System32\combase.dll
0x00007ffd98440000 - 0x00007ffd98520000 	C:\Windows\System32\OLEAUT32.dll
0x00007ffd7d3f0000 - 0x00007ffd7d433000 	C:\Windows\SYSTEM32\dbgcore.DLL
0x00007ffd96780000 - 0x00007ffd96819000 	C:\Windows\System32\bcryptPrimitives.dll
0x00007ffd83810000 - 0x00007ffd8381e000 	C:\Program Files\Android\Android Studio\jbr\bin\instrument.dll
0x00007ffd91280000 - 0x00007ffd912a0000 	C:\Program Files\Android\Android Studio\jbr\bin\java.dll
0x00007ffd7b190000 - 0x00007ffd7b1a8000 	C:\Program Files\Android\Android Studio\jbr\bin\zip.dll
0x00007ffd97640000 - 0x00007ffd97d8d000 	C:\Windows\System32\SHELL32.dll
0x00007ffd96c50000 - 0x00007ffd96dc3000 	C:\Windows\System32\wintypes.dll
0x00007ffd94090000 - 0x00007ffd948f0000 	C:\Windows\SYSTEM32\windows.storage.dll
0x00007ffd98730000 - 0x00007ffd98825000 	C:\Windows\System32\SHCORE.dll
0x00007ffd98290000 - 0x00007ffd982fa000 	C:\Windows\System32\shlwapi.dll
0x00007ffd963f0000 - 0x00007ffd96419000 	C:\Windows\SYSTEM32\profapi.dll
0x00007ffd85430000 - 0x00007ffd85440000 	C:\Program Files\Android\Android Studio\jbr\bin\net.dll
0x00007ffd883a0000 - 0x00007ffd884be000 	C:\Windows\SYSTEM32\WINHTTP.dll
0x00007ffd95780000 - 0x00007ffd957eb000 	C:\Windows\system32\mswsock.dll
0x00007ffd738b0000 - 0x00007ffd738c6000 	C:\Program Files\Android\Android Studio\jbr\bin\nio.dll
0x00007ffd7a290000 - 0x00007ffd7a2a0000 	C:\Program Files\Android\Android Studio\jbr\bin\verify.dll
0x00007ffd83820000 - 0x00007ffd83847000 	C:\Users\COMPUTER\.gradle\native\1def1411415f61bf3af743bc5b6707747c0891f09f0c88961ee8f79bc544acac\windows-amd64\native-platform.dll
0x00007ffd66870000 - 0x00007ffd668e8000 	C:\Users\COMPUTER\.gradle\native\0.2.7\x86_64-windows-gnu\gradle-fileevents.dll
0x00007ffd83800000 - 0x00007ffd83809000 	C:\Program Files\Android\Android Studio\jbr\bin\management.dll
0x00007ffd80510000 - 0x00007ffd8051b000 	C:\Program Files\Android\Android Studio\jbr\bin\management_ext.dll
0x00007ffd98df0000 - 0x00007ffd98df8000 	C:\Windows\System32\PSAPI.DLL
0x00007ffd94c00000 - 0x00007ffd94c33000 	C:\Windows\SYSTEM32\IPHLPAPI.DLL
0x00007ffd98ec0000 - 0x00007ffd98eca000 	C:\Windows\System32\NSI.dll
0x00007ffd85370000 - 0x00007ffd85379000 	C:\Program Files\Android\Android Studio\jbr\bin\extnet.dll
0x00007ffd95b60000 - 0x00007ffd95b7b000 	C:\Windows\SYSTEM32\CRYPTSP.dll
0x00007ffd95170000 - 0x00007ffd951ab000 	C:\Windows\system32\rsaenh.dll
0x00007ffd95820000 - 0x00007ffd9584b000 	C:\Windows\SYSTEM32\USERENV.dll
0x00007ffd963c0000 - 0x00007ffd963e6000 	C:\Windows\SYSTEM32\bcrypt.dll
0x00007ffd959c0000 - 0x00007ffd959cc000 	C:\Windows\SYSTEM32\CRYPTBASE.dll
0x00007ffd6d1b0000 - 0x00007ffd6d1b8000 	C:\Windows\system32\wshunix.dll

JVMTI agents:
C:\Users\COMPUTER\.gradle\wrapper\dists\gradle-8.13-bin\5xuhj0ry160q40clulazy9h7d\gradle-8.13\lib\agents\gradle-instrumentation-agent-8.13.jar path:C:\Program Files\Android\Android Studio\jbr\bin\instrument.dll, loaded, initialized, instrumentlib options:none

dbghelp: loaded successfully - version: 4.0.5 - missing functions: none
symbol engine: initialized successfully - sym options: 0x614 - pdb path: .;C:\Program Files\Android\Android Studio\jbr\bin;C:\Windows\SYSTEM32;C:\Windows\WinSxS\amd64_microsoft.windows.common-controls_6595b64144ccf1df_6.0.26100.4768_none_3e0c112ce331287c;C:\Program Files\Android\Android Studio\jbr\bin\server;C:\Users\COMPUTER\.gradle\native\1def1411415f61bf3af743bc5b6707747c0891f09f0c88961ee8f79bc544acac\windows-amd64;C:\Users\COMPUTER\.gradle\native\0.2.7\x86_64-windows-gnu

VM Arguments:
jvm_args: --add-opens=java.base/java.lang=ALL-UNNAMED --add-opens=java.base/java.lang.invoke=ALL-UNNAMED --add-opens=java.base/java.util=ALL-UNNAMED --add-opens=java.prefs/java.util.prefs=ALL-UNNAMED --add-exports=jdk.compiler/com.sun.tools.javac.api=ALL-UNNAMED --add-exports=jdk.compiler/com.sun.tools.javac.util=ALL-UNNAMED --add-opens=java.base/java.util=ALL-UNNAMED --add-opens=java.prefs/java.util.prefs=ALL-UNNAMED --add-opens=java.base/java.nio.charset=ALL-UNNAMED --add-opens=java.base/java.net=ALL-UNNAMED --add-opens=java.base/java.util.concurrent.atomic=ALL-UNNAMED --add-opens=java.xml/javax.xml.namespace=ALL-UNNAMED -Xmx2048m -Dfile.encoding=UTF-8 -Duser.country=KR -Duser.language=ko -Duser.variant -javaagent:C:\Users\COMPUTER\.gradle\wrapper\dists\gradle-8.13-bin\5xuhj0ry160q40clulazy9h7d\gradle-8.13\lib\agents\gradle-instrumentation-agent-8.13.jar 
java_command: org.gradle.launcher.daemon.bootstrap.GradleDaemon 8.13
java_class_path (initial): C:\Users\COMPUTER\.gradle\wrapper\dists\gradle-8.13-bin\5xuhj0ry160q40clulazy9h7d\gradle-8.13\lib\gradle-daemon-main-8.13.jar
Launcher Type: SUN_STANDARD

[Global flags]
     intx CICompilerCount                          = 12                                        {product} {ergonomic}
     uint ConcGCThreads                            = 5                                         {product} {ergonomic}
     uint G1ConcRefinementThreads                  = 20                                        {product} {ergonomic}
   size_t G1HeapRegionSize                         = 1048576                                   {product} {ergonomic}
    uintx GCDrainStackTargetSize                   = 64                                        {product} {ergonomic}
   size_t InitialHeapSize                          = 264241152                                 {product} {ergonomic}
   size_t MarkStackSize                            = 4194304                                   {product} {ergonomic}
   size_t MaxHeapSize                              = 2147483648                                {product} {command line}
   size_t MaxNewSize                               = 1287651328                                {product} {ergonomic}
   size_t MinHeapDeltaBytes                        = 1048576                                   {product} {ergonomic}
   size_t MinHeapSize                              = 8388608                                   {product} {ergonomic}
    uintx NonNMethodCodeHeapSize                   = 7602480                                {pd product} {ergonomic}
    uintx NonProfiledCodeHeapSize                  = 122027880                              {pd product} {ergonomic}
    uintx ProfiledCodeHeapSize                     = 122027880                              {pd product} {ergonomic}
    uintx ReservedCodeCacheSize                    = 251658240                              {pd product} {ergonomic}
     bool SegmentedCodeCache                       = true                                      {product} {ergonomic}
   size_t SoftMaxHeapSize                          = 2147483648                             {manageable} {ergonomic}
     bool UseCompressedOops                        = true                           {product lp64_product} {ergonomic}
     bool UseG1GC                                  = true                                      {product} {ergonomic}
     bool UseLargePagesIndividualAllocation        = false                                  {pd product} {ergonomic}

Logging:
Log output configuration:
 #0: stdout all=warning uptime,level,tags foldmultilines=false
 #1: stderr all=off uptime,level,tags foldmultilines=false

Environment Variables:
PATH=C:\Program Files\Common Files\Oracle\Java\javapath;C:\Windows\system32;C:\Windows;C:\Windows\System32\Wbem;C:\Windows\System32\WindowsPowerShell\v1.0\;C:\Windows\System32\OpenSSH\;C:\Program Files (x86)\Windows Kits\10\Windows Performance Toolkit\;C:\Users\COMPUTER\AppData\Local\Android\Sdk\tools;C:\Users\COMPUTER\AppData\Local\Android\Sdk\platform-tools;C:\Program Files\Git\cmd;C:\Program Files\Git\bin\git.exe;C:\Program Files\Git\cmd\git.exe;C:\Users\COMPUTER\anaconda3;C:\Users\COMPUTER\anaconda3\Library\mingw-w64\bin;C:\Users\COMPUTER\anaconda3\Library\usr\bin;C:\Users\COMPUTER\anaconda3\Library\bin;C:\Users\COMPUTER\anaconda3\Scripts;C:\Users\COMPUTER\AppData\Local\Programs\Python\Launcher\;C:\Users\COMPUTER\AppData\Local\Microsoft\WindowsApps;C:\Users\COMPUTER\AppData\Local\GitHubDesktop\bin;C:\Program Files\JetBrains\IntelliJ IDEA Community Edition 2025.2\bin;C:\Users\COMPUTER\AppData\Local\Programs\Microsoft VS Code\bin;C:\Users\COMPUTER\AppData\Local\Android\Sdk;
USERNAME=COMPUTER
TMPDIR=C:\Users\Public\Documents\ESTsoft\CreatorTemp
OS=Windows_NT
PROCESSOR_IDENTIFIER=Intel64 Family 6 Model 183 Stepping 1, GenuineIntel
TMP=C:\Users\COMPUTER\AppData\Local\Temp
TEMP=C:\Users\COMPUTER\AppData\Local\Temp




Periodic native trim disabled

JNI global refs:
JNI global refs: 41, weak refs: 0

JNI global refs memory usage: 835, weak refs: 833

Process memory usage:
Resident Set Size: 373680K (2% of 16424388K total physical memory with 5369420K free physical memory)

OOME stack traces (most recent first):
Classloader memory used:
Loader org.gradle.internal.classloader.VisitableURLClassLoader                         : 36295K
Loader bootstrap                                                                       : 23080K
Loader org.gradle.initialization.MixInLegacyTypesClassLoader                           : 9040K
Loader jdk.internal.loader.ClassLoaders$PlatformClassLoader                            : 551K
Loader jdk.internal.loader.ClassLoaders$AppClassLoader                                 : 235K
Loader org.gradle.groovy.scripts.internal.DefaultScriptCompilationHandler$ScriptClassLoader: 100520B
Loader jdk.internal.reflect.DelegatingClassLoader                                      : 69160B
Loader org.gradle.internal.classloader.VisitableURLClassLoader                         : 66320B
Loader org.gradle.internal.classloader.VisitableURLClassLoader$InstrumentingVisitableURLClassLoader: 18424B
Loader org.codehaus.groovy.runtime.callsite.CallSiteClassLoader                        : 10176B

Classes loaded by more than one classloader:
Class org.gradle.internal.classloader.FilteringClassLoader                            : loaded 2 times (x 105B)
Class org.gradle.internal.classloader.ClassLoaderHierarchy                            : loaded 2 times (x 70B)
Class org.gradle.api.internal.classpath.ManifestUtil                                  : loaded 2 times (x 71B)
Class org.gradle.internal.classloader.DefaultClassLoaderFactory                       : loaded 2 times (x 82B)
Class org.gradle.internal.classloader.ClassLoaderVisitor                              : loaded 2 times (x 76B)
Class org.gradle.api.internal.classpath.EffectiveClassPath                            : loaded 2 times (x 90B)
Class org.gradle.api.internal.DefaultClassPathProvider                                : loaded 2 times (x 76B)
Class [Lorg.gradle.api.internal.ClassPathProvider;                                    : loaded 2 times (x 69B)
Class org.gradle.api.internal.ClassPathProvider                                       : loaded 2 times (x 70B)
Class org.gradle.internal.service.UnknownServiceException                             : loaded 2 times (x 83B)
Class org.gradle.internal.classpath.TransformedClassPath                              : loaded 2 times (x 96B)
Class org.gradle.internal.classloader.InstrumentingClassLoader                        : loaded 2 times (x 70B)
Class org.gradle.internal.service.ServiceLocator                                      : loaded 2 times (x 70B)
Class org.gradle.internal.InternalTransformer                                         : loaded 2 times (x 70B)
Class org.gradle.internal.classloader.ClasspathUtil$1                                 : loaded 2 times (x 76B)
Class org.gradle.api.internal.classpath.DefaultModuleRegistry$DefaultModule           : loaded 2 times (x 86B)
Class org.gradle.api.internal.classpath.Module                                        : loaded 2 times (x 70B)
Class org.gradle.api.internal.classpath.UnknownModuleException                        : loaded 2 times (x 82B)
Class org.gradle.api.internal.DefaultClassPathRegistry                                : loaded 2 times (x 76B)
Class org.gradle.api.internal.ClassPathRegistry                                       : loaded 2 times (x 70B)
Class org.gradle.internal.classpath.DefaultClassPath$ImmutableUniqueList              : loaded 2 times (x 199B)
Class Settings_gradle$1                                                               : loaded 2 times (x 74B)
Class Program                                                                         : loaded 2 times (x 72B)
Class org.gradle.internal.classpath.ClassPath                                         : loaded 2 times (x 70B)
Class org.gradle.api.UncheckedIOException                                             : loaded 2 times (x 82B)
Class ijJvmDebugger2_8g869j4xt9t70z2h08yspeiyl                                        : loaded 2 times (x 179B)
Class org.gradle.internal.installation.GradleInstallation$1                           : loaded 2 times (x 75B)
Class org.gradle.api.internal.classpath.ModuleRegistry                                : loaded 2 times (x 70B)
Class org.gradle.api.internal.classpath.DefaultModuleRegistry                         : loaded 2 times (x 86B)
Class org.gradle.internal.service.ServiceLookupException                              : loaded 2 times (x 82B)
Class ijKotlinCoroutineJvmDebugInit2_ezbr0y5lgx6mgpo6abq1y1nio$_run_closure1          : loaded 2 times (x 139B)
Class org.gradle.internal.classloader.ClassLoaderFactory                              : loaded 2 times (x 70B)
Class org.gradle.internal.service.CachingServiceLocator                               : loaded 2 times (x 82B)
Class ijKotlinCoroutineJvmDebugInit2_ezbr0y5lgx6mgpo6abq1y1nio                        : loaded 2 times (x 179B)
Class org.gradle.internal.classloader.ClasspathUtil                                   : loaded 2 times (x 71B)
Class ijJvmDebugger2_8g869j4xt9t70z2h08yspeiyl$_run_closure1                          : loaded 2 times (x 139B)
Class org.gradle.api.specs.Spec                                                       : loaded 2 times (x 70B)
Class org.gradle.internal.classloader.VisitableURLClassLoader$InstrumentingVisitableURLClassLoader: loaded 2 times (x 123B)
Class org.gradle.internal.classloader.VisitableURLClassLoader$Spec                    : loaded 2 times (x 74B)
Class org.gradle.internal.classpath.DefaultClassPath                                  : loaded 2 times (x 90B)
Class org.gradle.internal.classloader.ClassLoaderSpec                                 : loaded 2 times (x 71B)
Class Settings_gradle$1$1                                                             : loaded 2 times (x 74B)
Class org.gradle.internal.classloader.VisitableURLClassLoader                         : loaded 2 times (x 117B)
Class Settings_gradle                                                                 : loaded 2 times (x 128B)
Class org.gradle.internal.Cast                                                        : loaded 2 times (x 71B)
Class org.gradle.api.Action                                                           : loaded 2 times (x 70B)
Class org.gradle.internal.classpath.DefaultClassPath$ImmutableUniqueList$Builder      : loaded 2 times (x 75B)
Class org.gradle.api.GradleException                                                  : loaded 2 times (x 82B)
Class org.gradle.internal.IoActions                                                   : loaded 2 times (x 71B)
Class org.gradle.internal.classloader.SystemClassLoaderSpec                           : loaded 2 times (x 71B)
Class org.gradle.api.internal.classpath.GlobalCacheRootsProvider                      : loaded 2 times (x 70B)
Class org.gradle.internal.installation.CurrentGradleInstallationLocator               : loaded 2 times (x 71B)
Class org.gradle.internal.service.DefaultServiceLocator                               : loaded 2 times (x 83B)
Class org.gradle.internal.installation.CurrentGradleInstallation                      : loaded 2 times (x 73B)
Class org.gradle.util.internal.GUtil                                                  : loaded 2 times (x 71B)
Class org.gradle.internal.installation.GradleInstallation                             : loaded 2 times (x 75B)

---------------  S Y S T E M  ---------------

OS:
 Windows 11 , 64 bit Build 26100 (10.0.26100.4768)
OS uptime: 8 days 4:55 hours
Hyper-V role detected

CPU: total 28 (initial active 28) (14 cores per cpu, 2 threads per core) family 6 model 183 stepping 1 microcode 0x12b, cx8, cmov, fxsr, ht, mmx, 3dnowpref, sse, sse2, sse3, ssse3, sse4.1, sse4.2, popcnt, lzcnt, tsc, tscinvbit, avx, avx2, aes, erms, clmul, bmi1, bmi2, adx, sha, fma, vzeroupper, clflush, clflushopt, clwb, hv, serialize, rdtscp, rdpid, fsrm, f16c, cet_ibt, cet_ss
Processor Information for the first 28 processors :
  Max Mhz: 2100, Current Mhz: 2100, Mhz Limit: 2100

Memory: 4k page, system-wide physical 16039M (5245M free)
TotalPageFile size 65191M (AvailPageFile size 8M)
current process WorkingSet (physical memory assigned to process): 363M, peak: 365M
current process commit charge ("private bytes"): 426M, peak: 430M

vm_info: OpenJDK 64-Bit Server VM (21.0.8+-14196175-b1038.72) for windows-amd64 JRE (21.0.8+-14196175-b1038.72), built on 2025-10-01T10:24:33Z by "builder" with MS VC++ 16.10 / 16.11 (VS2019)

END.
